Archive member included to satisfy reference by file (symbol)

C:/ST/STM32CubeIDE_1.14.1/STM32CubeIDE/plugins/com.st.stm32cube.ide.mcu.externaltools.gnu-tools-for-stm32.11.3.rel1.win32_1.1.100.202309141235/tools/bin/../lib/gcc/arm-none-eabi/11.3.1/../../../../arm-none-eabi/lib/thumb/v7e-m+fp/hard\libc_nano.a(libc_a-exit.o)
                              C:/ST/STM32CubeIDE_1.14.1/STM32CubeIDE/plugins/com.st.stm32cube.ide.mcu.externaltools.gnu-tools-for-stm32.11.3.rel1.win32_1.1.100.202309141235/tools/bin/../lib/gcc/arm-none-eabi/11.3.1/../../../../arm-none-eabi/lib/thumb/v7e-m+fp/hard/crt0.o (exit)
C:/ST/STM32CubeIDE_1.14.1/STM32CubeIDE/plugins/com.st.stm32cube.ide.mcu.externaltools.gnu-tools-for-stm32.11.3.rel1.win32_1.1.100.202309141235/tools/bin/../lib/gcc/arm-none-eabi/11.3.1/../../../../arm-none-eabi/lib/thumb/v7e-m+fp/hard\libc_nano.a(libc_a-malloc.o)
                              ./Middlewares/ST/STM32_USB_Host_Library/Class/CDC/Src/usbh_cdc.o (malloc)
C:/ST/STM32CubeIDE_1.14.1/STM32CubeIDE/plugins/com.st.stm32cube.ide.mcu.externaltools.gnu-tools-for-stm32.11.3.rel1.win32_1.1.100.202309141235/tools/bin/../lib/gcc/arm-none-eabi/11.3.1/../../../../arm-none-eabi/lib/thumb/v7e-m+fp/hard\libc_nano.a(libc_a-mallocr.o)
                              C:/ST/STM32CubeIDE_1.14.1/STM32CubeIDE/plugins/com.st.stm32cube.ide.mcu.externaltools.gnu-tools-for-stm32.11.3.rel1.win32_1.1.100.202309141235/tools/bin/../lib/gcc/arm-none-eabi/11.3.1/../../../../arm-none-eabi/lib/thumb/v7e-m+fp/hard\libc_nano.a(libc_a-malloc.o) (_malloc_r)
C:/ST/STM32CubeIDE_1.14.1/STM32CubeIDE/plugins/com.st.stm32cube.ide.mcu.externaltools.gnu-tools-for-stm32.11.3.rel1.win32_1.1.100.202309141235/tools/bin/../lib/gcc/arm-none-eabi/11.3.1/../../../../arm-none-eabi/lib/thumb/v7e-m+fp/hard\libc_nano.a(libc_a-mlock.o)
                              C:/ST/STM32CubeIDE_1.14.1/STM32CubeIDE/plugins/com.st.stm32cube.ide.mcu.externaltools.gnu-tools-for-stm32.11.3.rel1.win32_1.1.100.202309141235/tools/bin/../lib/gcc/arm-none-eabi/11.3.1/../../../../arm-none-eabi/lib/thumb/v7e-m+fp/hard\libc_nano.a(libc_a-mallocr.o) (__malloc_lock)
C:/ST/STM32CubeIDE_1.14.1/STM32CubeIDE/plugins/com.st.stm32cube.ide.mcu.externaltools.gnu-tools-for-stm32.11.3.rel1.win32_1.1.100.202309141235/tools/bin/../lib/gcc/arm-none-eabi/11.3.1/../../../../arm-none-eabi/lib/thumb/v7e-m+fp/hard\libc_nano.a(libc_a-findfp.o)
                              C:/ST/STM32CubeIDE_1.14.1/STM32CubeIDE/plugins/com.st.stm32cube.ide.mcu.externaltools.gnu-tools-for-stm32.11.3.rel1.win32_1.1.100.202309141235/tools/bin/../lib/gcc/arm-none-eabi/11.3.1/../../../../arm-none-eabi/lib/thumb/v7e-m+fp/hard\libc_nano.a(libc_a-exit.o) (__stdio_exit_handler)
C:/ST/STM32CubeIDE_1.14.1/STM32CubeIDE/plugins/com.st.stm32cube.ide.mcu.externaltools.gnu-tools-for-stm32.11.3.rel1.win32_1.1.100.202309141235/tools/bin/../lib/gcc/arm-none-eabi/11.3.1/../../../../arm-none-eabi/lib/thumb/v7e-m+fp/hard\libc_nano.a(libc_a-fwalk.o)
                              C:/ST/STM32CubeIDE_1.14.1/STM32CubeIDE/plugins/com.st.stm32cube.ide.mcu.externaltools.gnu-tools-for-stm32.11.3.rel1.win32_1.1.100.202309141235/tools/bin/../lib/gcc/arm-none-eabi/11.3.1/../../../../arm-none-eabi/lib/thumb/v7e-m+fp/hard\libc_nano.a(libc_a-findfp.o) (_fwalk_sglue)
C:/ST/STM32CubeIDE_1.14.1/STM32CubeIDE/plugins/com.st.stm32cube.ide.mcu.externaltools.gnu-tools-for-stm32.11.3.rel1.win32_1.1.100.202309141235/tools/bin/../lib/gcc/arm-none-eabi/11.3.1/../../../../arm-none-eabi/lib/thumb/v7e-m+fp/hard\libc_nano.a(libc_a-stdio.o)
                              C:/ST/STM32CubeIDE_1.14.1/STM32CubeIDE/plugins/com.st.stm32cube.ide.mcu.externaltools.gnu-tools-for-stm32.11.3.rel1.win32_1.1.100.202309141235/tools/bin/../lib/gcc/arm-none-eabi/11.3.1/../../../../arm-none-eabi/lib/thumb/v7e-m+fp/hard\libc_nano.a(libc_a-findfp.o) (__sread)
C:/ST/STM32CubeIDE_1.14.1/STM32CubeIDE/plugins/com.st.stm32cube.ide.mcu.externaltools.gnu-tools-for-stm32.11.3.rel1.win32_1.1.100.202309141235/tools/bin/../lib/gcc/arm-none-eabi/11.3.1/../../../../arm-none-eabi/lib/thumb/v7e-m+fp/hard\libc_nano.a(libc_a-memset.o)
                              C:/ST/STM32CubeIDE_1.14.1/STM32CubeIDE/plugins/com.st.stm32cube.ide.mcu.externaltools.gnu-tools-for-stm32.11.3.rel1.win32_1.1.100.202309141235/tools/bin/../lib/gcc/arm-none-eabi/11.3.1/../../../../arm-none-eabi/lib/thumb/v7e-m+fp/hard/crt0.o (memset)
C:/ST/STM32CubeIDE_1.14.1/STM32CubeIDE/plugins/com.st.stm32cube.ide.mcu.externaltools.gnu-tools-for-stm32.11.3.rel1.win32_1.1.100.202309141235/tools/bin/../lib/gcc/arm-none-eabi/11.3.1/../../../../arm-none-eabi/lib/thumb/v7e-m+fp/hard\libc_nano.a(libc_a-closer.o)
                              C:/ST/STM32CubeIDE_1.14.1/STM32CubeIDE/plugins/com.st.stm32cube.ide.mcu.externaltools.gnu-tools-for-stm32.11.3.rel1.win32_1.1.100.202309141235/tools/bin/../lib/gcc/arm-none-eabi/11.3.1/../../../../arm-none-eabi/lib/thumb/v7e-m+fp/hard\libc_nano.a(libc_a-stdio.o) (_close_r)
[...]
Memory Configuration

Name             Origin             Length             Attributes
RAM              0x0000000020000000 0x0000000000020000 xrw
FLASH            0x0000000008000000 0x0000000000080000 xr
*default*        0x0000000000000000 0xffffffffffffffff

Linker script and memory map

LOAD C:/ST/STM32CubeIDE_1.14.1/STM32CubeIDE/plugins/com.st.stm32cube.ide.mcu.externaltools.gnu-tools-for-stm32.11.3.rel1.win32_1.1.100.202309141235/tools/bin/../lib/gcc/arm-none-eabi/11.3.1/thumb/v7e-m+fp/hard/crti.o
LOAD C:/ST/STM32CubeIDE_1.14.1/STM32CubeIDE/plugins/com.st.stm32cube.ide.mcu.externaltools.gnu-tools-for-stm32.11.3.rel1.win32_1.1.100.202309141235/tools/bin/../lib/gcc/arm-none-eabi/11.3.1/thumb/v7e-m+fp/hard/crtbegin.o
LOAD C:/ST/STM32CubeIDE_1.14.1/STM32CubeIDE/plugins/com.st.stm32cube.ide.mcu.externaltools.gnu-tools-for-stm32.11.3.rel1.win32_1.1.100.202309141235/tools/bin/../lib/gcc/arm-none-eabi/11.3.1/../../../../arm-none-eabi/lib/thumb/v7e-m+fp/hard/crt0.o
LOAD ./Core/Src/main.o
LOAD ./Core/Src/stm32f4xx_hal_msp.o
LOAD ./Core/Src/stm32f4xx_it.o
LOAD ./Core/Src/syscalls.o
LOAD ./Core/Src/sysmem.o
LOAD ./Core/Src/system_stm32f4xx.o
LOAD ./Core/Startup/startup_stm32f411vetx.o
LOAD ./Drivers/STM32F4xx_HAL_Driver/Src/stm32f4xx_hal.o
LOAD ./Drivers/STM32F4xx_HAL_Driver/Src/stm32f4xx_hal_cortex.o
LOAD ./Drivers/STM32F4xx_HAL_Driver/Src/stm32f4xx_hal_dma.o
LOAD ./Drivers/STM32F4xx_HAL_Driver/Src/stm32f4xx_hal_dma_ex.o
LOAD ./Drivers/STM32F4xx_HAL_Driver/Src/stm32f4xx_hal_exti.o
LOAD ./Drivers/STM32F4xx_HAL_Driver/Src/stm32f4xx_hal_flash.o
LOAD ./Drivers/STM32F4xx_HAL_Driver/Src/stm32f4xx_hal_flash_ex.o
LOAD ./Drivers/STM32F4xx_HAL_Driver/Src/stm32f4xx_hal_flash_ramfunc.o
LOAD ./Drivers/STM32F4xx_HAL_Driver/Src/stm32f4xx_hal_gpio.o
LOAD ./Drivers/STM32F4xx_HAL_Driver/Src/stm32f4xx_hal_hcd.o
LOAD ./Drivers/STM32F4xx_HAL_Driver/Src/stm32f4xx_hal_i2c.o
LOAD ./Drivers/STM32F4xx_HAL_Driver/Src/stm32f4xx_hal_i2c_ex.o
LOAD ./Drivers/STM32F4xx_HAL_Driver/Src/stm32f4xx_hal_i2s.o
LOAD ./Drivers/STM32F4xx_HAL_Driver/Src/stm32f4xx_hal_i2s_ex.o
LOAD ./Drivers/STM32F4xx_HAL_Driver/Src/stm32f4xx_hal_pwr.o
LOAD ./Drivers/STM32F4xx_HAL_Driver/Src/stm32f4xx_hal_pwr_ex.o
LOAD ./Drivers/STM32F4xx_HAL_Driver/Src/stm32f4xx_hal_rcc.o
LOAD ./Drivers/STM32F4xx_HAL_Driver/Src/stm32f4xx_hal_rcc_ex.o
LOAD ./Drivers/STM32F4xx_HAL_Driver/Src/stm32f4xx_hal_spi.o
LOAD ./Drivers/STM32F4xx_HAL_Driver/Src/stm32f4xx_hal_tim.o
LOAD ./Drivers/STM32F4xx_HAL_Driver/Src/stm32f4xx_hal_tim_ex.o
LOAD ./Drivers/STM32F4xx_HAL_Driver/Src/stm32f4xx_ll_usb.o
LOAD ./Middlewares/ST/STM32_USB_Host_Library/Class/CDC/Src/usbh_cdc.o
LOAD ./Middlewares/ST/STM32_USB_Host_Library/Core/Src/usbh_core.o
LOAD ./Middlewares/ST/STM32_USB_Host_Library/Core/Src/usbh_ctlreq.o
LOAD ./Middlewares/ST/STM32_USB_Host_Library/Core/Src/usbh_ioreq.o
LOAD ./Middlewares/ST/STM32_USB_Host_Library/Core/Src/usbh_pipes.o
LOAD ./USB_HOST/App/usb_host.o
LOAD ./USB_HOST/Target/usbh_conf.o
LOAD ./USB_HOST/Target/usbh_platform.o
START GROUP
LOAD C:/ST/STM32CubeIDE_1.14.1/STM32CubeIDE/plugins/com.st.stm32cube.ide.mcu.externaltools.gnu-tools-for-stm32.11.3.rel1.win32_1.1.100.202309141235/tools/bin/../lib/gcc/arm-none-eabi/11.3.1/../../../../arm-none-eabi/lib/thumb/v7e-m+fp/hard\libc_nano.a
LOAD C:/ST/STM32CubeIDE_1.14.1/STM32CubeIDE/plugins/com.st.stm32cube.ide.mcu.externaltools.gnu-tools-for-stm32.11.3.rel1.win32_1.1.100.202309141235/tools/bin/../lib/gcc/arm-none-eabi/11.3.1/../../../../arm-none-eabi/lib/thumb/v7e-m+fp/hard\libm.a
END GROUP
START GROUP
LOAD C:/ST/STM32CubeIDE_1.14.1/STM32CubeIDE/plugins/com.st.stm32cube.ide.mcu.externaltools.gnu-tools-for-stm32.11.3.rel1.win32_1.1.100.202309141235/tools/bin/../lib/gcc/arm-none-eabi/11.3.1/thumb/v7e-m+fp/hard\libgcc.a
LOAD C:/ST/STM32CubeIDE_1.14.1/STM32CubeIDE/plugins/com.st.stm32cube.ide.mcu.externaltools.gnu-tools-for-stm32.11.3.rel1.win32_1.1.100.202309141235/tools/bin/../lib/gcc/arm-none-eabi/11.3.1/../../../../arm-none-eabi/lib/thumb/v7e-m+fp/hard\libc_nano.a
END GROUP
START GROUP
LOAD C:/ST/STM32CubeIDE_1.14.1/STM32CubeIDE/plugins/com.st.stm32cube.ide.mcu.externaltools.gnu-tools-for-stm32.11.3.rel1.win32_1.1.100.202309141235/tools/bin/../lib/gcc/arm-none-eabi/11.3.1/thumb/v7e-m+fp/hard\libgcc.a
LOAD C:/ST/STM32CubeIDE_1.14.1/STM32CubeIDE/plugins/com.st.stm32cube.ide.mcu.externaltools.gnu-tools-for-stm32.11.3.rel1.win32_1.1.100.202309141235/tools/bin/../lib/gcc/arm-none-eabi/11.3.1/../../../../arm-none-eabi/lib/thumb/v7e-m+fp/hard\libc_nano.a
LOAD C:/ST/STM32CubeIDE_1.14.1/STM32CubeIDE/plugins/com.st.stm32cube.ide.mcu.externaltools.gnu-tools-for-stm32.11.3.rel1.win32_1.1.100.202309141235/tools/bin/../lib/gcc/arm-none-eabi/11.3.1/../../../../arm-none-eabi/lib/thumb/v7e-m+fp/hard\libnosys.a
END GROUP
START GROUP
LOAD C:/ST/STM32CubeIDE_1.14.1/STM32CubeIDE/plugins/com.st.stm32cube.ide.mcu.externaltools.gnu-tools-for-stm32.11.3.rel1.win32_1.1.100.202309141235/tools/bin/../lib/gcc/arm-none-eabi/11.3.1/thumb/v7e-m+fp/hard\libgcc.a
LOAD C:/ST/STM32CubeIDE_1.14.1/STM32CubeIDE/plugins/com.st.stm32cube.ide.mcu.externaltools.gnu-tools-for-stm32.11.3.rel1.win32_1.1.100.202309141235/tools/bin/../lib/gcc/arm-none-eabi/11.3.1/../../../../arm-none-eabi/lib/thumb/v7e-m+fp/hard\libc_nano.a
LOAD C:/ST/STM32CubeIDE_1.14.1/STM32CubeIDE/plugins/com.st.stm32cube.ide.mcu.externaltools.gnu-tools-for-stm32.11.3.rel1.win32_1.1.100.202309141235/tools/bin/../lib/gcc/arm-none-eabi/11.3.1/../../../../arm-none-eabi/lib/thumb/v7e-m+fp/hard\libnosys.a
END GROUP
LOAD C:/ST/STM32CubeIDE_1.14.1/STM32CubeIDE/plugins/com.st.stm32cube.ide.mcu.externaltools.gnu-tools-for-stm32.11.3.rel1.win32_1.1.100.202309141235/tools/bin/../lib/gcc/arm-none-eabi/11.3.1/thumb/v7e-m+fp/hard/crtend.o
LOAD C:/ST/STM32CubeIDE_1.14.1/STM32CubeIDE/plugins/com.st.stm32cube.ide.mcu.externaltools.gnu-tools-for-stm32.11.3.rel1.win32_1.1.100.202309141235/tools/bin/../lib/gcc/arm-none-eabi/11.3.1/thumb/v7e-m+fp/hard/crtn.o
                0x0000000020020000                _estack = (ORIGIN (RAM) + LENGTH (RAM))
                0x0000000000000200                _Min_Heap_Size = 0x200
                0x0000000000000400                _Min_Stack_Size = 0x400

.isr_vector     0x0000000008000000      0x198
                0x0000000008000000                . = ALIGN (0x4)
 *(.isr_vector)
 .isr_vector    0x0000000008000000      0x198 ./Core/Startup/startup_stm32f411vetx.o
                0x0000000008000000                g_pfnVectors
                0x0000000008000198                . = ALIGN (0x4)

.text           0x0000000008000198     0x7aa4
                0x0000000008000198                . = ALIGN (0x4)
 *(.text)
 .text          0x0000000008000198       0x40 C:/ST/STM32CubeIDE_1.14.1/STM32CubeIDE/plugins/com.st.stm32cube.ide.mcu.externaltools.gnu-tools-for-stm32.11.3.rel1.win32_1.1.100.202309141235/tools/bin/../lib/gcc/arm-none-eabi/11.3.1/thumb/v7e-m+fp/hard/crtbegin.o
 .text          0x00000000080001d8       0x30 C:/ST/STM32CubeIDE_1.14.1/STM32CubeIDE/plugins/com.st.stm32cube.ide.mcu.externaltools.gnu-tools-for-stm32.11.3.rel1.win32_1.1.100.202309141235/tools/bin/../lib/gcc/arm-none-eabi/11.3.1/thumb/v7e-m+fp/hard\libgcc.a(_aeabi_uldivmod.o)
                0x00000000080001d8                __aeabi_uldivmod
 .text          0x0000000008000208      0x2c8 C:/ST/STM32CubeIDE_1.14.1/STM32CubeIDE/plugins/com.st.stm32cube.ide.mcu.externaltools.gnu-tools-for-stm32.11.3.rel1.win32_1.1.100.202309141235/tools/bin/../lib/gcc/arm-none-eabi/11.3.1/thumb/v7e-m+fp/hard\libgcc.a(_udivmoddi4.o)
                0x0000000008000208                __udivmoddi4
 .text          0x00000000080004d0        0x4 C:/ST/STM32CubeIDE_1.14.1/STM32CubeIDE/plugins/com.st.stm32cube.ide.mcu.externaltools.gnu-tools-for-stm32.11.3.rel1.win32_1.1.100.202309141235/tools/bin/../lib/gcc/arm-none-eabi/11.3.1/thumb/v7e-m+fp/hard\libgcc.a(_dvmd_tls.o)
                0x00000000080004d0                __aeabi_idiv0
                0x00000000080004d0                __aeabi_ldiv0
 *(.text*)
 .text.main     0x00000000080004d4       0x5c ./Core/Src/main.o
                0x00000000080004d4                main
 .text.SystemClock_Config
                0x0000000008000530       0xd0 ./Core/Src/main.o
                0x0000000008000530                SystemClock_Config
 .text.MX_I2C1_Init
                0x0000000008000600       0x5c ./Core/Src/main.o
 .text.MX_I2S2_Init
                0x000000000800065c       0x5c ./Core/Src/main.o
 .text.MX_SPI1_Init
                0x00000000080006b8       0x6c ./Core/Src/main.o
 .text.MX_GPIO_Init
                0x0000000008000724      0x200 ./Core/Src/main.o
 .text.Error_Handler
                0x0000000008000924        0xa ./Core/Src/main.o
                0x0000000008000924                Error_Handler
 *fill*         0x000000000800092e        0x2 
 .text.HAL_MspInit
                0x0000000008000930       0x50 ./Core/Src/stm32f4xx_hal_msp.o
                0x0000000008000930                HAL_MspInit
 .text.HAL_I2C_MspInit
                0x0000000008000980       0x90 ./Core/Src/stm32f4xx_hal_msp.o
                0x0000000008000980                HAL_I2C_MspInit
 .text.HAL_I2S_MspInit
                0x0000000008000a10      0x128 ./Core/Src/stm32f4xx_hal_msp.o
                0x0000000008000a10                HAL_I2S_MspInit
 .text.HAL_SPI_MspInit
                0x0000000008000b38       0x90 ./Core/Src/stm32f4xx_hal_msp.o
                0x0000000008000b38                HAL_SPI_MspInit
 .text.NMI_Handler
                0x0000000008000bc8        0x6 ./Core/Src/stm32f4xx_it.o
                0x0000000008000bc8                NMI_Handler
 .text.HardFault_Handler
                0x0000000008000bce        0x6 ./Core/Src/stm32f4xx_it.o
                0x0000000008000bce                HardFault_Handler
 .text.MemManage_Handler
                0x0000000008000bd4        0x6 ./Core/Src/stm32f4xx_it.o
                0x0000000008000bd4                MemManage_Handler
 .text.BusFault_Handler
                0x0000000008000bda        0x6 ./Core/Src/stm32f4xx_it.o
                0x0000000008000bda                BusFault_Handler
 .text.UsageFault_Handler
                0x0000000008000be0        0x6 ./Core/Src/stm32f4xx_it.o
                0x0000000008000be0                UsageFault_Handler
 .text.SVC_Handler
                0x0000000008000be6        0xe ./Core/Src/stm32f4xx_it.o
                0x0000000008000be6                SVC_Handler
 .text.DebugMon_Handler
                0x0000000008000bf4        0xe ./Core/Src/stm32f4xx_it.o
                0x0000000008000bf4                DebugMon_Handler
 .text.PendSV_Handler
                0x0000000008000c02        0xe ./Core/Src/stm32f4xx_it.o
                0x0000000008000c02                PendSV_Handler
 .text.SysTick_Handler
                0x0000000008000c10        0xc ./Core/Src/stm32f4xx_it.o
                0x0000000008000c10                SysTick_Handler
 .text.OTG_FS_IRQHandler
                0x0000000008000c1c       0x14 ./Core/Src/stm32f4xx_it.o
                0x0000000008000c1c                OTG_FS_IRQHandler
 .text._sbrk    0x0000000008000c30       0x6c ./Core/Src/sysmem.o
                0x0000000008000c30                _sbrk
 .text.SystemInit
                0x0000000008000c9c       0x24 ./Core/Src/system_stm32f4xx.o
                0x0000000008000c9c                SystemInit
 .text.Reset_Handler
                0x0000000008000cc0       0x50 ./Core/Startup/startup_stm32f411vetx.o
                0x0000000008000cc0                Reset_Handler
 .text.Default_Handler
                0x0000000008000d10        0x2 ./Core/Startup/startup_stm32f411vetx.o
                0x0000000008000d10                RTC_Alarm_IRQHandler
                0x0000000008000d10                EXTI2_IRQHandler
                0x0000000008000d10                SPI4_IRQHandler
                0x0000000008000d10                TIM1_CC_IRQHandler
                0x0000000008000d10                DMA2_Stream5_IRQHandler
                0x0000000008000d10                DMA1_Stream5_IRQHandler
                0x0000000008000d10                PVD_IRQHandler
                0x0000000008000d10                SDIO_IRQHandler
                0x0000000008000d10                TAMP_STAMP_IRQHandler
                0x0000000008000d10                EXTI3_IRQHandler
                0x0000000008000d10                TIM1_UP_TIM10_IRQHandler
                0x0000000008000d10                I2C3_ER_IRQHandler
                0x0000000008000d10                EXTI0_IRQHandler
                0x0000000008000d10                I2C2_EV_IRQHandler
                0x0000000008000d10                DMA1_Stream2_IRQHandler
                0x0000000008000d10                FPU_IRQHandler
                0x0000000008000d10                DMA2_Stream2_IRQHandler
                0x0000000008000d10                SPI1_IRQHandler
                0x0000000008000d10                TIM1_BRK_TIM9_IRQHandler
                0x0000000008000d10                DMA2_Stream3_IRQHandler
                0x0000000008000d10                USART6_IRQHandler
                0x0000000008000d10                DMA2_Stream0_IRQHandler
                0x0000000008000d10                TIM4_IRQHandler
                0x0000000008000d10                I2C1_EV_IRQHandler
                0x0000000008000d10                DMA1_Stream6_IRQHandler
                0x0000000008000d10                DMA1_Stream1_IRQHandler
                0x0000000008000d10                TIM3_IRQHandler
                0x0000000008000d10                RCC_IRQHandler
                0x0000000008000d10                Default_Handler
                0x0000000008000d10                EXTI15_10_IRQHandler
                0x0000000008000d10                ADC_IRQHandler
                0x0000000008000d10                DMA1_Stream7_IRQHandler
                0x0000000008000d10                SPI5_IRQHandler
                0x0000000008000d10                TIM5_IRQHandler
                0x0000000008000d10                DMA2_Stream7_IRQHandler
                0x0000000008000d10                I2C3_EV_IRQHandler
                0x0000000008000d10                EXTI9_5_IRQHandler
                0x0000000008000d10                RTC_WKUP_IRQHandler
                0x0000000008000d10                SPI2_IRQHandler
                0x0000000008000d10                DMA1_Stream0_IRQHandler
                0x0000000008000d10                EXTI4_IRQHandler
                0x0000000008000d10                WWDG_IRQHandler
                0x0000000008000d10                TIM2_IRQHandler
                0x0000000008000d10                OTG_FS_WKUP_IRQHandler
                0x0000000008000d10                TIM1_TRG_COM_TIM11_IRQHandler
                0x0000000008000d10                EXTI1_IRQHandler
                0x0000000008000d10                USART2_IRQHandler
                0x0000000008000d10                I2C2_ER_IRQHandler
                0x0000000008000d10                DMA2_Stream1_IRQHandler
                0x0000000008000d10                FLASH_IRQHandler
                0x0000000008000d10                DMA2_Stream4_IRQHandler
                0x0000000008000d10                USART1_IRQHandler
                0x0000000008000d10                SPI3_IRQHandler
                0x0000000008000d10                DMA1_Stream4_IRQHandler
                0x0000000008000d10                I2C1_ER_IRQHandler
                0x0000000008000d10                DMA2_Stream6_IRQHandler
                0x0000000008000d10                DMA1_Stream3_IRQHandler
 *fill*         0x0000000008000d12        0x2 
 .text.HAL_Init
                0x0000000008000d14       0x44 ./Drivers/STM32F4xx_HAL_Driver/Src/stm32f4xx_hal.o
                0x0000000008000d14                HAL_Init
 .text.HAL_InitTick
                0x0000000008000d58       0x60 ./Drivers/STM32F4xx_HAL_Driver/Src/stm32f4xx_hal.o
                0x0000000008000d58                HAL_InitTick
 .text.HAL_IncTick
                0x0000000008000db8       0x28 ./Drivers/STM32F4xx_HAL_Driver/Src/stm32f4xx_hal.o
                0x0000000008000db8                HAL_IncTick
 .text.HAL_GetTick
                0x0000000008000de0       0x18 ./Drivers/STM32F4xx_HAL_Driver/Src/stm32f4xx_hal.o
                0x0000000008000de0                HAL_GetTick
 .text.HAL_Delay
                0x0000000008000df8       0x48 ./Drivers/STM32F4xx_HAL_Driver/Src/stm32f4xx_hal.o
                0x0000000008000df8                HAL_Delay
 .text.__NVIC_SetPriorityGrouping
                0x0000000008000e40       0x48 ./Drivers/STM32F4xx_HAL_Driver/Src/stm32f4xx_hal_cortex.o
 .text.__NVIC_GetPriorityGrouping
                0x0000000008000e88       0x1c ./Drivers/STM32F4xx_HAL_Driver/Src/stm32f4xx_hal_cortex.o
 .text.__NVIC_EnableIRQ
                0x0000000008000ea4       0x3c ./Drivers/STM32F4xx_HAL_Driver/Src/stm32f4xx_hal_cortex.o
 .text.__NVIC_SetPriority
                0x0000000008000ee0       0x54 ./Drivers/STM32F4xx_HAL_Driver/Src/stm32f4xx_hal_cortex.o
 .text.NVIC_EncodePriority
                0x0000000008000f34       0x66 ./Drivers/STM32F4xx_HAL_Driver/Src/stm32f4xx_hal_cortex.o
 *fill*         0x0000000008000f9a        0x2 
 .text.SysTick_Config
                0x0000000008000f9c       0x44 ./Drivers/STM32F4xx_HAL_Driver/Src/stm32f4xx_hal_cortex.o
 .text.HAL_NVIC_SetPriorityGrouping
                0x0000000008000fe0       0x16 ./Drivers/STM32F4xx_HAL_Driver/Src/stm32f4xx_hal_cortex.o
                0x0000000008000fe0                HAL_NVIC_SetPriorityGrouping
 .text.HAL_NVIC_SetPriority
                0x0000000008000ff6       0x38 ./Drivers/STM32F4xx_HAL_Driver/Src/stm32f4xx_hal_cortex.o
                0x0000000008000ff6                HAL_NVIC_SetPriority
 .text.HAL_NVIC_EnableIRQ
                0x000000000800102e       0x1c ./Drivers/STM32F4xx_HAL_Driver/Src/stm32f4xx_hal_cortex.o
                0x000000000800102e                HAL_NVIC_EnableIRQ
 .text.HAL_SYSTICK_Config
                0x000000000800104a       0x18 ./Drivers/STM32F4xx_HAL_Driver/Src/stm32f4xx_hal_cortex.o
                0x000000000800104a                HAL_SYSTICK_Config
 *fill*         0x0000000008001062        0x2 
 .text.HAL_GPIO_Init
                0x0000000008001064      0x308 ./Drivers/STM32F4xx_HAL_Driver/Src/stm32f4xx_hal_gpio.o
                0x0000000008001064                HAL_GPIO_Init
 .text.HAL_GPIO_WritePin
                0x000000000800136c       0x32 ./Drivers/STM32F4xx_HAL_Driver/Src/stm32f4xx_hal_gpio.o
                0x000000000800136c                HAL_GPIO_WritePin
 .text.HAL_HCD_Init
                0x000000000800139e       0xce ./Drivers/STM32F4xx_HAL_Driver/Src/stm32f4xx_hal_hcd.o
                0x000000000800139e                HAL_HCD_Init
 .text.HAL_HCD_HC_Init
                0x000000000800146c      0x170 ./Drivers/STM32F4xx_HAL_Driver/Src/stm32f4xx_hal_hcd.o
                0x000000000800146c                HAL_HCD_HC_Init
 .text.HAL_HCD_HC_Halt
                0x00000000080015dc       0x46 ./Drivers/STM32F4xx_HAL_Driver/Src/stm32f4xx_hal_hcd.o
                0x00000000080015dc                HAL_HCD_HC_Halt
 *fill*         0x0000000008001622        0x2 
 .text.HAL_HCD_HC_SubmitRequest
                0x0000000008001624      0x33c ./Drivers/STM32F4xx_HAL_Driver/Src/stm32f4xx_hal_hcd.o
                0x0000000008001624                HAL_HCD_HC_SubmitRequest
 .text.HAL_HCD_IRQHandler
                0x0000000008001960      0x220 ./Drivers/STM32F4xx_HAL_Driver/Src/stm32f4xx_hal_hcd.o
                0x0000000008001960                HAL_HCD_IRQHandler
 .text.HAL_HCD_Start
                0x0000000008001b80       0x46 ./Drivers/STM32F4xx_HAL_Driver/Src/stm32f4xx_hal_hcd.o
                0x0000000008001b80                HAL_HCD_Start
 .text.HAL_HCD_Stop
                0x0000000008001bc6       0x3a ./Drivers/STM32F4xx_HAL_Driver/Src/stm32f4xx_hal_hcd.o
                0x0000000008001bc6                HAL_HCD_Stop
 .text.HAL_HCD_HC_GetURBState
                0x0000000008001c00       0x2a ./Drivers/STM32F4xx_HAL_Driver/Src/stm32f4xx_hal_hcd.o
                0x0000000008001c00                HAL_HCD_HC_GetURBState
 .text.HAL_HCD_HC_GetXferCount
                0x0000000008001c2a       0x2a ./Drivers/STM32F4xx_HAL_Driver/Src/stm32f4xx_hal_hcd.o
                0x0000000008001c2a                HAL_HCD_HC_GetXferCount
 .text.HAL_HCD_GetCurrentFrame
                0x0000000008001c54       0x1c ./Drivers/STM32F4xx_HAL_Driver/Src/stm32f4xx_hal_hcd.o
                0x0000000008001c54                HAL_HCD_GetCurrentFrame
 .text.HAL_HCD_HC_ClearHubInfo
                0x0000000008001c70       0x6a ./Drivers/STM32F4xx_HAL_Driver/Src/stm32f4xx_hal_hcd.o
                0x0000000008001c70                HAL_HCD_HC_ClearHubInfo
 .text.HCD_HC_IN_IRQHandler
                0x0000000008001cda      0xcd2 ./Drivers/STM32F4xx_HAL_Driver/Src/stm32f4xx_hal_hcd.o
 .text.HCD_HC_OUT_IRQHandler
                0x00000000080029ac      0x94a ./Drivers/STM32F4xx_HAL_Driver/Src/stm32f4xx_hal_hcd.o
 .text.HCD_RXQLVL_IRQHandler
                0x00000000080032f6      0x1be ./Drivers/STM32F4xx_HAL_Driver/Src/stm32f4xx_hal_hcd.o
 .text.HCD_Port_IRQHandler
                0x00000000080034b4       0xe6 ./Drivers/STM32F4xx_HAL_Driver/Src/stm32f4xx_hal_hcd.o
 *fill*         0x000000000800359a        0x2 
 .text.HAL_I2C_Init
                0x000000000800359c      0x288 ./Drivers/STM32F4xx_HAL_Driver/Src/stm32f4xx_hal_i2c.o
                0x000000000800359c                HAL_I2C_Init
 .text.HAL_I2S_Init
                0x0000000008003824      0x280 ./Drivers/STM32F4xx_HAL_Driver/Src/stm32f4xx_hal_i2s.o
                0x0000000008003824                HAL_I2S_Init
 .text.HAL_I2S_TxCpltCallback
                0x0000000008003aa4       0x14 ./Drivers/STM32F4xx_HAL_Driver/Src/stm32f4xx_hal_i2s.o
                0x0000000008003aa4                HAL_I2S_TxCpltCallback
 .text.HAL_I2S_RxCpltCallback
                0x0000000008003ab8       0x14 ./Drivers/STM32F4xx_HAL_Driver/Src/stm32f4xx_hal_i2s.o
                0x0000000008003ab8                HAL_I2S_RxCpltCallback
 .text.HAL_I2S_ErrorCallback
                0x0000000008003acc       0x14 ./Drivers/STM32F4xx_HAL_Driver/Src/stm32f4xx_hal_i2s.o
                0x0000000008003acc                HAL_I2S_ErrorCallback
 .text.I2S_Transmit_IT
                0x0000000008003ae0       0x5c ./Drivers/STM32F4xx_HAL_Driver/Src/stm32f4xx_hal_i2s.o
 .text.I2S_Receive_IT
                0x0000000008003b3c       0x5e ./Drivers/STM32F4xx_HAL_Driver/Src/stm32f4xx_hal_i2s.o
 .text.I2S_IRQHandler
                0x0000000008003b9a      0x114 ./Drivers/STM32F4xx_HAL_Driver/Src/stm32f4xx_hal_i2s.o
 *fill*         0x0000000008003cae        0x2 
 .text.HAL_I2SEx_FullDuplex_IRQHandler
                0x0000000008003cb0      0x2a8 ./Drivers/STM32F4xx_HAL_Driver/Src/stm32f4xx_hal_i2s_ex.o
                0x0000000008003cb0                HAL_I2SEx_FullDuplex_IRQHandler
 .text.HAL_I2SEx_TxRxCpltCallback
                0x0000000008003f58       0x14 ./Drivers/STM32F4xx_HAL_Driver/Src/stm32f4xx_hal_i2s_ex.o
                0x0000000008003f58                HAL_I2SEx_TxRxCpltCallback
 .text.I2SEx_TxISR_I2S
                0x0000000008003f6c       0x62 ./Drivers/STM32F4xx_HAL_Driver/Src/stm32f4xx_hal_i2s_ex.o
 *fill*         0x0000000008003fce        0x2 
 .text.I2SEx_TxISR_I2SExt
                0x0000000008003fd0       0x98 ./Drivers/STM32F4xx_HAL_Driver/Src/stm32f4xx_hal_i2s_ex.o
 .text.I2SEx_RxISR_I2S
                0x0000000008004068       0x64 ./Drivers/STM32F4xx_HAL_Driver/Src/stm32f4xx_hal_i2s_ex.o
 .text.I2SEx_RxISR_I2SExt
                0x00000000080040cc       0x98 ./Drivers/STM32F4xx_HAL_Driver/Src/stm32f4xx_hal_i2s_ex.o
 .text.HAL_RCC_OscConfig
                0x0000000008004164      0x4f0 ./Drivers/STM32F4xx_HAL_Driver/Src/stm32f4xx_hal_rcc.o
                0x0000000008004164                HAL_RCC_OscConfig
 .text.HAL_RCC_ClockConfig
                0x0000000008004654      0x1cc ./Drivers/STM32F4xx_HAL_Driver/Src/stm32f4xx_hal_rcc.o
                0x0000000008004654                HAL_RCC_ClockConfig
 .text.HAL_RCC_GetSysClockFreq
                0x0000000008004820      0x18c ./Drivers/STM32F4xx_HAL_Driver/Src/stm32f4xx_hal_rcc.o
                0x0000000008004820                HAL_RCC_GetSysClockFreq
 .text.HAL_RCC_GetHCLKFreq
                0x00000000080049ac       0x18 ./Drivers/STM32F4xx_HAL_Driver/Src/stm32f4xx_hal_rcc.o
                0x00000000080049ac                HAL_RCC_GetHCLKFreq
 .text.HAL_RCC_GetPCLK1Freq
                0x00000000080049c4       0x28 ./Drivers/STM32F4xx_HAL_Driver/Src/stm32f4xx_hal_rcc.o
                0x00000000080049c4                HAL_RCC_GetPCLK1Freq
 .text.HAL_RCCEx_PeriphCLKConfig
                0x00000000080049ec      0x1e0 ./Drivers/STM32F4xx_HAL_Driver/Src/stm32f4xx_hal_rcc_ex.o
                0x00000000080049ec                HAL_RCCEx_PeriphCLKConfig
 .text.HAL_RCCEx_GetPeriphCLKFreq
                0x0000000008004bcc       0xc4 ./Drivers/STM32F4xx_HAL_Driver/Src/stm32f4xx_hal_rcc_ex.o
                0x0000000008004bcc                HAL_RCCEx_GetPeriphCLKFreq
 .text.HAL_SPI_Init
                0x0000000008004c90      0x112 ./Drivers/STM32F4xx_HAL_Driver/Src/stm32f4xx_hal_spi.o
                0x0000000008004c90                HAL_SPI_Init
 .text.HAL_SPI_Transmit
                0x0000000008004da2      0x286 ./Drivers/STM32F4xx_HAL_Driver/Src/stm32f4xx_hal_spi.o
                0x0000000008004da2                HAL_SPI_Transmit
 .text.SPI_WaitFlagStateUntilTimeout
                0x0000000008005028      0x110 ./Drivers/STM32F4xx_HAL_Driver/Src/stm32f4xx_hal_spi.o
 .text.SPI_EndRxTxTransaction
                0x0000000008005138       0xa8 ./Drivers/STM32F4xx_HAL_Driver/Src/stm32f4xx_hal_spi.o
 .text.USB_CoreInit
                0x00000000080051e0       0xc8 ./Drivers/STM32F4xx_HAL_Driver/Src/stm32f4xx_ll_usb.o
                0x00000000080051e0                USB_CoreInit
 .text.USB_EnableGlobalInt
                0x00000000080052a8       0x22 ./Drivers/STM32F4xx_HAL_Driver/Src/stm32f4xx_ll_usb.o
                0x00000000080052a8                USB_EnableGlobalInt
 .text.USB_DisableGlobalInt
                0x00000000080052ca       0x22 ./Drivers/STM32F4xx_HAL_Driver/Src/stm32f4xx_ll_usb.o
                0x00000000080052ca                USB_DisableGlobalInt
 .text.USB_SetCurrentMode
                0x00000000080052ec       0x98 ./Drivers/STM32F4xx_HAL_Driver/Src/stm32f4xx_ll_usb.o
                0x00000000080052ec                USB_SetCurrentMode
 .text.USB_FlushTxFifo
                0x0000000008005384       0x64 ./Drivers/STM32F4xx_HAL_Driver/Src/stm32f4xx_ll_usb.o
                0x0000000008005384                USB_FlushTxFifo
 .text.USB_FlushRxFifo
                0x00000000080053e8       0x5c ./Drivers/STM32F4xx_HAL_Driver/Src/stm32f4xx_ll_usb.o
                0x00000000080053e8                USB_FlushRxFifo
 .text.USB_WritePacket
                0x0000000008005444       0x7c ./Drivers/STM32F4xx_HAL_Driver/Src/stm32f4xx_ll_usb.o
                0x0000000008005444                USB_WritePacket
 .text.USB_ReadPacket
                0x00000000080054c0       0xb0 ./Drivers/STM32F4xx_HAL_Driver/Src/stm32f4xx_ll_usb.o
                0x00000000080054c0                USB_ReadPacket
 .text.USB_ReadInterrupts
                0x0000000008005570       0x26 ./Drivers/STM32F4xx_HAL_Driver/Src/stm32f4xx_ll_usb.o
                0x0000000008005570                USB_ReadInterrupts
 .text.USB_ReadChInterrupts
                0x0000000008005596       0x42 ./Drivers/STM32F4xx_HAL_Driver/Src/stm32f4xx_ll_usb.o
                0x0000000008005596                USB_ReadChInterrupts
 .text.USB_GetMode
                0x00000000080055d8       0x1c ./Drivers/STM32F4xx_HAL_Driver/Src/stm32f4xx_ll_usb.o
                0x00000000080055d8                USB_GetMode
 .text.USB_CoreReset
                0x00000000080055f4       0x62 ./Drivers/STM32F4xx_HAL_Driver/Src/stm32f4xx_ll_usb.o
 *fill*         0x0000000008005656        0x2 
 .text.USB_HostInit
                0x0000000008005658      0x15c ./Drivers/STM32F4xx_HAL_Driver/Src/stm32f4xx_ll_usb.o
                0x0000000008005658                USB_HostInit
 .text.USB_InitFSLSPClkSel
                0x00000000080057b4       0x7a ./Drivers/STM32F4xx_HAL_Driver/Src/stm32f4xx_ll_usb.o
                0x00000000080057b4                USB_InitFSLSPClkSel
 .text.USB_DriveVbus
                0x000000000800582e       0x72 ./Drivers/STM32F4xx_HAL_Driver/Src/stm32f4xx_ll_usb.o
                0x000000000800582e                USB_DriveVbus
 .text.USB_GetHostSpeed
                0x00000000080058a0       0x2e ./Drivers/STM32F4xx_HAL_Driver/Src/stm32f4xx_ll_usb.o
                0x00000000080058a0                USB_GetHostSpeed
 .text.USB_GetCurrentFrame
                0x00000000080058ce       0x22 ./Drivers/STM32F4xx_HAL_Driver/Src/stm32f4xx_ll_usb.o
                0x00000000080058ce                USB_GetCurrentFrame
 .text.USB_HC_Init
                0x00000000080058f0      0x22c ./Drivers/STM32F4xx_HAL_Driver/Src/stm32f4xx_ll_usb.o
                0x00000000080058f0                USB_HC_Init
 .text.USB_HC_StartXfer
                0x0000000008005b1c      0x488 ./Drivers/STM32F4xx_HAL_Driver/Src/stm32f4xx_ll_usb.o
                0x0000000008005b1c                USB_HC_StartXfer
 .text.USB_HC_ReadInterrupt
                0x0000000008005fa4       0x22 ./Drivers/STM32F4xx_HAL_Driver/Src/stm32f4xx_ll_usb.o
                0x0000000008005fa4                USB_HC_ReadInterrupt
 .text.USB_HC_Halt
                0x0000000008005fc6      0x240 ./Drivers/STM32F4xx_HAL_Driver/Src/stm32f4xx_ll_usb.o
                0x0000000008005fc6                USB_HC_Halt
 .text.USB_StopHost
                0x0000000008006206      0x124 ./Drivers/STM32F4xx_HAL_Driver/Src/stm32f4xx_ll_usb.o
                0x0000000008006206                USB_StopHost
 .text.USBH_CDC_InterfaceInit
                0x000000000800632a      0x2ac ./Middlewares/ST/STM32_USB_Host_Library/Class/CDC/Src/usbh_cdc.o
 .text.USBH_CDC_InterfaceDeInit
                0x00000000080065d6       0xb2 ./Middlewares/ST/STM32_USB_Host_Library/Class/CDC/Src/usbh_cdc.o
 .text.USBH_CDC_ClassRequest
                0x0000000008006688       0x3e ./Middlewares/ST/STM32_USB_Host_Library/Class/CDC/Src/usbh_cdc.o
 *fill*         0x00000000080066c6        0x2 
 .text.USBH_CDC_Process
                0x00000000080066c8      0x12c ./Middlewares/ST/STM32_USB_Host_Library/Class/CDC/Src/usbh_cdc.o
 .text.USBH_CDC_SOFProcess
                0x00000000080067f4       0x16 ./Middlewares/ST/STM32_USB_Host_Library/Class/CDC/Src/usbh_cdc.o
 .text.GetLineCoding
                0x000000000800680a       0x3e ./Middlewares/ST/STM32_USB_Host_Library/Class/CDC/Src/usbh_cdc.o
 .text.SetLineCoding
                0x0000000008006848       0x3e ./Middlewares/ST/STM32_USB_Host_Library/Class/CDC/Src/usbh_cdc.o
 .text.CDC_ProcessTransmission
                0x0000000008006886       0xec ./Middlewares/ST/STM32_USB_Host_Library/Class/CDC/Src/usbh_cdc.o
 .text.CDC_ProcessReception
                0x0000000008006972       0xb6 ./Middlewares/ST/STM32_USB_Host_Library/Class/CDC/Src/usbh_cdc.o
 .text.USBH_CDC_TransmitCallback
                0x0000000008006a28       0x14 ./Middlewares/ST/STM32_USB_Host_Library/Class/CDC/Src/usbh_cdc.o
                0x0000000008006a28                USBH_CDC_TransmitCallback
 .text.USBH_CDC_ReceiveCallback
                0x0000000008006a3c       0x14 ./Middlewares/ST/STM32_USB_Host_Library/Class/CDC/Src/usbh_cdc.o
                0x0000000008006a3c                USBH_CDC_ReceiveCallback
 .text.USBH_CDC_LineCodingChanged
                0x0000000008006a50       0x14 ./Middlewares/ST/STM32_USB_Host_Library/Class/CDC/Src/usbh_cdc.o
                0x0000000008006a50                USBH_CDC_LineCodingChanged
 .text.USBH_Init
                0x0000000008006a64       0x74 ./Middlewares/ST/STM32_USB_Host_Library/Core/Src/usbh_core.o
                0x0000000008006a64                USBH_Init
 .text.DeInitStateMachine
                0x0000000008006ad8       0xe6 ./Middlewares/ST/STM32_USB_Host_Library/Core/Src/usbh_core.o
 .text.USBH_RegisterClass
                0x0000000008006bbe       0x54 ./Middlewares/ST/STM32_USB_Host_Library/Core/Src/usbh_core.o
                0x0000000008006bbe                USBH_RegisterClass
 .text.USBH_SelectInterface
                0x0000000008006c12       0x38 ./Middlewares/ST/STM32_USB_Host_Library/Core/Src/usbh_core.o
                0x0000000008006c12                USBH_SelectInterface
 .text.USBH_FindInterface
                0x0000000008006c4a       0x8c ./Middlewares/ST/STM32_USB_Host_Library/Core/Src/usbh_core.o
                0x0000000008006c4a                USBH_FindInterface
 .text.USBH_Start
                0x0000000008006cd6       0x20 ./Middlewares/ST/STM32_USB_Host_Library/Core/Src/usbh_core.o
                0x0000000008006cd6                USBH_Start
 .text.USBH_LL_SetTimer
                0x0000000008006cf6       0x1e ./Middlewares/ST/STM32_USB_Host_Library/Core/Src/usbh_core.o
                0x0000000008006cf6                USBH_LL_SetTimer
 .text.USBH_LL_IncTimer
                0x0000000008006d14       0x24 ./Middlewares/ST/STM32_USB_Host_Library/Core/Src/usbh_core.o
                0x0000000008006d14                USBH_LL_IncTimer
 .text.USBH_HandleSof
                0x0000000008006d38       0x30 ./Middlewares/ST/STM32_USB_Host_Library/Core/Src/usbh_core.o
 .text.USBH_LL_PortEnabled
                0x0000000008006d68       0x1c ./Middlewares/ST/STM32_USB_Host_Library/Core/Src/usbh_core.o
                0x0000000008006d68                USBH_LL_PortEnabled
 .text.USBH_LL_PortDisabled
                0x0000000008006d84       0x1c ./Middlewares/ST/STM32_USB_Host_Library/Core/Src/usbh_core.o
                0x0000000008006d84                USBH_LL_PortDisabled
 .text.USBH_LL_Connect
                0x0000000008006da0       0x2e ./Middlewares/ST/STM32_USB_Host_Library/Core/Src/usbh_core.o
                0x0000000008006da0                USBH_LL_Connect
 .text.USBH_LL_Disconnect
                0x0000000008006dce       0x48 ./Middlewares/ST/STM32_USB_Host_Library/Core/Src/usbh_core.o
                0x0000000008006dce                USBH_LL_Disconnect
 .text.USBH_ClrFeature
                0x0000000008006e16       0x48 ./Middlewares/ST/STM32_USB_Host_Library/Core/Src/usbh_ctlreq.o
                0x0000000008006e16                USBH_ClrFeature
 .text.USBH_CtlReq
                0x0000000008006e5e       0x7a ./Middlewares/ST/STM32_USB_Host_Library/Core/Src/usbh_ctlreq.o
                0x0000000008006e5e                USBH_CtlReq
 .text.USBH_HandleControl
                0x0000000008006ed8      0x2e8 ./Middlewares/ST/STM32_USB_Host_Library/Core/Src/usbh_ctlreq.o
 .text.USBH_CtlSendSetup
                0x00000000080071c0       0x34 ./Middlewares/ST/STM32_USB_Host_Library/Core/Src/usbh_ioreq.o
                0x00000000080071c0                USBH_CtlSendSetup
 .text.USBH_CtlSendData
                0x00000000080071f4       0x4a ./Middlewares/ST/STM32_USB_Host_Library/Core/Src/usbh_ioreq.o
                0x00000000080071f4                USBH_CtlSendData
 .text.USBH_CtlReceiveData
                0x000000000800723e       0x3c ./Middlewares/ST/STM32_USB_Host_Library/Core/Src/usbh_ioreq.o
                0x000000000800723e                USBH_CtlReceiveData
 .text.USBH_BulkSendData
                0x000000000800727a       0x4a ./Middlewares/ST/STM32_USB_Host_Library/Core/Src/usbh_ioreq.o
                0x000000000800727a                USBH_BulkSendData
 .text.USBH_BulkReceiveData
                0x00000000080072c4       0x3c ./Middlewares/ST/STM32_USB_Host_Library/Core/Src/usbh_ioreq.o
                0x00000000080072c4                USBH_BulkReceiveData
 .text.USBH_OpenPipe
                0x0000000008007300       0x3e ./Middlewares/ST/STM32_USB_Host_Library/Core/Src/usbh_pipes.o
                0x0000000008007300                USBH_OpenPipe
 .text.USBH_ClosePipe
                0x000000000800733e       0x20 ./Middlewares/ST/STM32_USB_Host_Library/Core/Src/usbh_pipes.o
                0x000000000800733e                USBH_ClosePipe
 .text.USBH_AllocPipe
                0x000000000800735e       0x42 ./Middlewares/ST/STM32_USB_Host_Library/Core/Src/usbh_pipes.o
                0x000000000800735e                USBH_AllocPipe
 .text.USBH_FreePipe
                0x00000000080073a0       0x3c ./Middlewares/ST/STM32_USB_Host_Library/Core/Src/usbh_pipes.o
                0x00000000080073a0                USBH_FreePipe
 .text.USBH_GetFreePipe
                0x00000000080073dc       0x48 ./Middlewares/ST/STM32_USB_Host_Library/Core/Src/usbh_pipes.o
 .text.MX_USB_HOST_Init
                0x0000000008007424       0x4c ./USB_HOST/App/usb_host.o
                0x0000000008007424                MX_USB_HOST_Init
 .text.USBH_UserProcess
                0x0000000008007470       0x5c ./USB_HOST/App/usb_host.o
 .text.HAL_HCD_MspInit
                0x00000000080074cc       0xc4 ./USB_HOST/Target/usbh_conf.o
                0x00000000080074cc                HAL_HCD_MspInit
 .text.HAL_HCD_SOF_Callback
                0x0000000008007590       0x1c ./USB_HOST/Target/usbh_conf.o
                0x0000000008007590                HAL_HCD_SOF_Callback
 .text.HAL_HCD_Connect_Callback
                0x00000000080075ac       0x1c ./USB_HOST/Target/usbh_conf.o
                0x00000000080075ac                HAL_HCD_Connect_Callback
 .text.HAL_HCD_Disconnect_Callback
                0x00000000080075c8       0x1c ./USB_HOST/Target/usbh_conf.o
                0x00000000080075c8                HAL_HCD_Disconnect_Callback
 .text.HAL_HCD_HC_NotifyURBChange_Callback
                0x00000000080075e4       0x1c ./USB_HOST/Target/usbh_conf.o
                0x00000000080075e4                HAL_HCD_HC_NotifyURBChange_Callback
 .text.HAL_HCD_PortEnabled_Callback
                0x0000000008007600       0x1c ./USB_HOST/Target/usbh_conf.o
                0x0000000008007600                HAL_HCD_PortEnabled_Callback
 .text.HAL_HCD_PortDisabled_Callback
                0x000000000800761c       0x1c ./USB_HOST/Target/usbh_conf.o
                0x000000000800761c                HAL_HCD_PortDisabled_Callback
 .text.USBH_LL_Init
                0x0000000008007638       0x78 ./USB_HOST/Target/usbh_conf.o
                0x0000000008007638                USBH_LL_Init
 .text.USBH_LL_Start
                0x00000000080076b0       0x36 ./USB_HOST/Target/usbh_conf.o
                0x00000000080076b0                USBH_LL_Start
 .text.USBH_LL_Stop
                0x00000000080076e6       0x36 ./USB_HOST/Target/usbh_conf.o
                0x00000000080076e6                USBH_LL_Stop
 .text.USBH_LL_GetLastXferSize
                0x000000000800771c       0x26 ./USB_HOST/Target/usbh_conf.o
                0x000000000800771c                USBH_LL_GetLastXferSize
 .text.USBH_LL_OpenPipe
                0x0000000008007742       0x5e ./USB_HOST/Target/usbh_conf.o
                0x0000000008007742                USBH_LL_OpenPipe
 .text.USBH_LL_ClosePipe
                0x00000000080077a0       0x3e ./USB_HOST/Target/usbh_conf.o
                0x00000000080077a0                USBH_LL_ClosePipe
 .text.USBH_LL_SubmitURB
                0x00000000080077de       0x62 ./USB_HOST/Target/usbh_conf.o
                0x00000000080077de                USBH_LL_SubmitURB
 .text.USBH_LL_GetURBState
                0x0000000008007840       0x26 ./USB_HOST/Target/usbh_conf.o
                0x0000000008007840                USBH_LL_GetURBState
 .text.USBH_LL_DriverVBUS
                0x0000000008007866       0x2e ./USB_HOST/Target/usbh_conf.o
                0x0000000008007866                USBH_LL_DriverVBUS
 .text.USBH_LL_SetToggle
                0x0000000008007894       0x66 ./USB_HOST/Target/usbh_conf.o
                0x0000000008007894                USBH_LL_SetToggle
 *fill*         0x00000000080078fa        0x2 
 .text.USBH_Get_USB_Status
                0x00000000080078fc       0x58 ./USB_HOST/Target/usbh_conf.o
                0x00000000080078fc                USBH_Get_USB_Status
 .text.MX_DriverVbusFS
                0x0000000008007954       0x38 ./USB_HOST/Target/usbh_platform.o
                0x0000000008007954                MX_DriverVbusFS
 .text.malloc   0x000000000800798c       0x10 C:/ST/STM32CubeIDE_1.14.1/STM32CubeIDE/plugins/com.st.stm32cube.ide.mcu.externaltools.gnu-tools-for-stm32.11.3.rel1.win32_1.1.100.202309141235/tools/bin/../lib/gcc/arm-none-eabi/11.3.1/../../../../arm-none-eabi/lib/thumb/v7e-m+fp/hard\libc_nano.a(libc_a-malloc.o)
                0x000000000800798c                malloc
 .text.free     0x000000000800799c       0x10 C:/ST/STM32CubeIDE_1.14.1/STM32CubeIDE/plugins/com.st.stm32cube.ide.mcu.externaltools.gnu-tools-for-stm32.11.3.rel1.win32_1.1.100.202309141235/tools/bin/../lib/gcc/arm-none-eabi/11.3.1/../../../../arm-none-eabi/lib/thumb/v7e-m+fp/hard\libc_nano.a(libc_a-malloc.o)
                0x000000000800799c                free
 .text.sbrk_aligned
                0x00000000080079ac       0x40 C:/ST/STM32CubeIDE_1.14.1/STM32CubeIDE/plugins/com.st.stm32cube.ide.mcu.externaltools.gnu-tools-for-stm32.11.3.rel1.win32_1.1.100.202309141235/tools/bin/../lib/gcc/arm-none-eabi/11.3.1/../../../../arm-none-eabi/lib/thumb/v7e-m+fp/hard\libc_nano.a(libc_a-mallocr.o)
 .text._malloc_r
                0x00000000080079ec      0x100 C:/ST/STM32CubeIDE_1.14.1/STM32CubeIDE/plugins/com.st.stm32cube.ide.mcu.externaltools.gnu-tools-for-stm32.11.3.rel1.win32_1.1.100.202309141235/tools/bin/../lib/gcc/arm-none-eabi/11.3.1/../../../../arm-none-eabi/lib/thumb/v7e-m+fp/hard\libc_nano.a(libc_a-mallocr.o)
                0x00000000080079ec                _malloc_r
 .text.__malloc_lock
                0x0000000008007aec        0xc C:/ST/STM32CubeIDE_1.14.1/STM32CubeIDE/plugins/com.st.stm32cube.ide.mcu.externaltools.gnu-tools-for-stm32.11.3.rel1.win32_1.1.100.202309141235/tools/bin/../lib/gcc/arm-none-eabi/11.3.1/../../../../arm-none-eabi/lib/thumb/v7e-m+fp/hard\libc_nano.a(libc_a-mlock.o)
                0x0000000008007aec                __malloc_lock
 .text.__malloc_unlock
                0x0000000008007af8        0xc C:/ST/STM32CubeIDE_1.14.1/STM32CubeIDE/plugins/com.st.stm32cube.ide.mcu.externaltools.gnu-tools-for-stm32.11.3.rel1.win32_1.1.100.202309141235/tools/bin/../lib/gcc/arm-none-eabi/11.3.1/../../../../arm-none-eabi/lib/thumb/v7e-m+fp/hard\libc_nano.a(libc_a-mlock.o)
                0x0000000008007af8                __malloc_unlock
 .text.memset   0x0000000008007b04       0x10 C:/ST/STM32CubeIDE_1.14.1/STM32CubeIDE/plugins/com.st.stm32cube.ide.mcu.externaltools.gnu-tools-for-stm32.11.3.rel1.win32_1.1.100.202309141235/tools/bin/../lib/gcc/arm-none-eabi/11.3.1/../../../../arm-none-eabi/lib/thumb/v7e-m+fp/hard\libc_nano.a(libc_a-memset.o)
                0x0000000008007b04                memset
 .text._sbrk_r  0x0000000008007b14       0x20 C:/ST/STM32CubeIDE_1.14.1/STM32CubeIDE/plugins/com.st.stm32cube.ide.mcu.externaltools.gnu-tools-for-stm32.11.3.rel1.win32_1.1.100.202309141235/tools/bin/../lib/gcc/arm-none-eabi/11.3.1/../../../../arm-none-eabi/lib/thumb/v7e-m+fp/hard\libc_nano.a(libc_a-sbrkr.o)
                0x0000000008007b14                _sbrk_r
 .text.__errno  0x0000000008007b34        0xc C:/ST/STM32CubeIDE_1.14.1/STM32CubeIDE/plugins/com.st.stm32cube.ide.mcu.externaltools.gnu-tools-for-stm32.11.3.rel1.win32_1.1.100.202309141235/tools/bin/../lib/gcc/arm-none-eabi/11.3.1/../../../../arm-none-eabi/lib/thumb/v7e-m+fp/hard\libc_nano.a(libc_a-errno.o)
                0x0000000008007b34                __errno
 .text.__libc_init_array
                0x0000000008007b40       0x48 C:/ST/STM32CubeIDE_1.14.1/STM32CubeIDE/plugins/com.st.stm32cube.ide.mcu.externaltools.gnu-tools-for-stm32.11.3.rel1.win32_1.1.100.202309141235/tools/bin/../lib/gcc/arm-none-eabi/11.3.1/../../../../arm-none-eabi/lib/thumb/v7e-m+fp/hard\libc_nano.a(libc_a-init.o)
                0x0000000008007b40                __libc_init_array
 .text.__retarget_lock_acquire_recursive
                0x0000000008007b88        0x2 C:/ST/STM32CubeIDE_1.14.1/STM32CubeIDE/plugins/com.st.stm32cube.ide.mcu.externaltools.gnu-tools-for-stm32.11.3.rel1.win32_1.1.100.202309141235/tools/bin/../lib/gcc/arm-none-eabi/11.3.1/../../../../arm-none-eabi/lib/thumb/v7e-m+fp/hard\libc_nano.a(libc_a-lock.o)
                0x0000000008007b88                __retarget_lock_acquire_recursive
 .text.__retarget_lock_release_recursive
                0x0000000008007b8a        0x2 C:/ST/STM32CubeIDE_1.14.1/STM32CubeIDE/plugins/com.st.stm32cube.ide.mcu.externaltools.gnu-tools-for-stm32.11.3.rel1.win32_1.1.100.202309141235/tools/bin/../lib/gcc/arm-none-eabi/11.3.1/../../../../arm-none-eabi/lib/thumb/v7e-m+fp/hard\libc_nano.a(libc_a-lock.o)
                0x0000000008007b8a                __retarget_lock_release_recursive
 .text._free_r  0x0000000008007b8c       0x98 C:/ST/STM32CubeIDE_1.14.1/STM32CubeIDE/plugins/com.st.stm32cube.ide.mcu.externaltools.gnu-tools-for-stm32.11.3.rel1.win32_1.1.100.202309141235/tools/bin/../lib/gcc/arm-none-eabi/11.3.1/../../../../arm-none-eabi/lib/thumb/v7e-m+fp/hard\libc_nano.a(libc_a-freer.o)
                0x0000000008007b8c                _free_r
 *(.glue_7)
 .glue_7        0x0000000008007c24        0x0 linker stubs
 *(.glue_7t)
 .glue_7t       0x0000000008007c24        0x0 linker stubs
 *(.eh_frame)
 .eh_frame      0x0000000008007c24        0x0 C:/ST/STM32CubeIDE_1.14.1/STM32CubeIDE/plugins/com.st.stm32cube.ide.mcu.externaltools.gnu-tools-for-stm32.11.3.rel1.win32_1.1.100.202309141235/tools/bin/../lib/gcc/arm-none-eabi/11.3.1/thumb/v7e-m+fp/hard/crtbegin.o
 *(.init)
 .init          0x0000000008007c24        0x4 C:/ST/STM32CubeIDE_1.14.1/STM32CubeIDE/plugins/com.st.stm32cube.ide.mcu.externaltools.gnu-tools-for-stm32.11.3.rel1.win32_1.1.100.202309141235/tools/bin/../lib/gcc/arm-none-eabi/11.3.1/thumb/v7e-m+fp/hard/crti.o
                0x0000000008007c24                _init
 .init          0x0000000008007c28        0x8 C:/ST/STM32CubeIDE_1.14.1/STM32CubeIDE/plugins/com.st.stm32cube.ide.mcu.externaltools.gnu-tools-for-stm32.11.3.rel1.win32_1.1.100.202309141235/tools/bin/../lib/gcc/arm-none-eabi/11.3.1/thumb/v7e-m+fp/hard/crtn.o
 *(.fini)
 .fini          0x0000000008007c30        0x4 C:/ST/STM32CubeIDE_1.14.1/STM32CubeIDE/plugins/com.st.stm32cube.ide.mcu.externaltools.gnu-tools-for-stm32.11.3.rel1.win32_1.1.100.202309141235/tools/bin/../lib/gcc/arm-none-eabi/11.3.1/thumb/v7e-m+fp/hard/crti.o
                0x0000000008007c30                _fini
 .fini          0x0000000008007c34        0x8 C:/ST/STM32CubeIDE_1.14.1/STM32CubeIDE/plugins/com.st.stm32cube.ide.mcu.externaltools.gnu-tools-for-stm32.11.3.rel1.win32_1.1.100.202309141235/tools/bin/../lib/gcc/arm-none-eabi/11.3.1/thumb/v7e-m+fp/hard/crtn.o
                0x0000000008007c3c                . = ALIGN (0x4)
                0x0000000008007c3c                _etext = .

.vfp11_veneer   0x0000000008007c3c        0x0
 .vfp11_veneer  0x0000000008007c3c        0x0 linker stubs

.v4_bx          0x0000000008007c3c        0x0
 .v4_bx         0x0000000008007c3c        0x0 linker stubs

.iplt           0x0000000008007c3c        0x0
 .iplt          0x0000000008007c3c        0x0 C:/ST/STM32CubeIDE_1.14.1/STM32CubeIDE/plugins/com.st.stm32cube.ide.mcu.externaltools.gnu-tools-for-stm32.11.3.rel1.win32_1.1.100.202309141235/tools/bin/../lib/gcc/arm-none-eabi/11.3.1/thumb/v7e-m+fp/hard/crtbegin.o

.rodata         0x0000000008007c3c       0x1c
                0x0000000008007c3c                . = ALIGN (0x4)
 *(.rodata)
 .rodata        0x0000000008007c3c        0x4 ./Middlewares/ST/STM32_USB_Host_Library/Class/CDC/Src/usbh_cdc.o
 *(.rodata*)
 .rodata.AHBPrescTable
                0x0000000008007c40       0x10 ./Core/Src/system_stm32f4xx.o
                0x0000000008007c40                AHBPrescTable
 .rodata.APBPrescTable
                0x0000000008007c50        0x8 ./Core/Src/system_stm32f4xx.o
                0x0000000008007c50                APBPrescTable
                0x0000000008007c58                . = ALIGN (0x4)

.ARM.extab      0x0000000008007c58        0x0
                0x0000000008007c58                . = ALIGN (0x4)
 *(.ARM.extab* .gnu.linkonce.armextab.*)
                0x0000000008007c58                . = ALIGN (0x4)

.ARM            0x0000000008007c58        0x8
                0x0000000008007c58                . = ALIGN (0x4)
                0x0000000008007c58                __exidx_start = .
 *(.ARM.exidx*)
 .ARM.exidx     0x0000000008007c58        0x8 C:/ST/STM32CubeIDE_1.14.1/STM32CubeIDE/plugins/com.st.stm32cube.ide.mcu.externaltools.gnu-tools-for-stm32.11.3.rel1.win32_1.1.100.202309141235/tools/bin/../lib/gcc/arm-none-eabi/11.3.1/thumb/v7e-m+fp/hard\libgcc.a(_udivmoddi4.o)
                0x0000000008007c60                __exidx_end = .
                0x0000000008007c60                . = ALIGN (0x4)

.rel.dyn        0x0000000008007c60        0x0
 .rel.iplt      0x0000000008007c60        0x0 C:/ST/STM32CubeIDE_1.14.1/STM32CubeIDE/plugins/com.st.stm32cube.ide.mcu.externaltools.gnu-tools-for-stm32.11.3.rel1.win32_1.1.100.202309141235/tools/bin/../lib/gcc/arm-none-eabi/11.3.1/thumb/v7e-m+fp/hard/crtbegin.o

.preinit_array  0x0000000008007c60        0x0
                0x0000000008007c60                . = ALIGN (0x4)
                0x0000000008007c60                PROVIDE (__preinit_array_start = .)
 *(.preinit_array*)
                0x0000000008007c60                PROVIDE (__preinit_array_end = .)
                0x0000000008007c60                . = ALIGN (0x4)

.init_array     0x0000000008007c60        0x4
                0x0000000008007c60                . = ALIGN (0x4)
                0x0000000008007c60                PROVIDE (__init_array_start = .)
 *(SORT_BY_NAME(.init_array.*))
 *(.init_array*)
 .init_array    0x0000000008007c60        0x4 C:/ST/STM32CubeIDE_1.14.1/STM32CubeIDE/plugins/com.st.stm32cube.ide.mcu.externaltools.gnu-tools-for-stm32.11.3.rel1.win32_1.1.100.202309141235/tools/bin/../lib/gcc/arm-none-eabi/11.3.1/thumb/v7e-m+fp/hard/crtbegin.o
                0x0000000008007c64                PROVIDE (__init_array_end = .)
                0x0000000008007c64                . = ALIGN (0x4)

.fini_array     0x0000000008007c64        0x4
                0x0000000008007c64                . = ALIGN (0x4)
                [!provide]                        PROVIDE (__fini_array_start = .)
 *(SORT_BY_NAME(.fini_array.*))
 *(.fini_array*)
 .fini_array    0x0000000008007c64        0x4 C:/ST/STM32CubeIDE_1.14.1/STM32CubeIDE/plugins/com.st.stm32cube.ide.mcu.externaltools.gnu-tools-for-stm32.11.3.rel1.win32_1.1.100.202309141235/tools/bin/../lib/gcc/arm-none-eabi/11.3.1/thumb/v7e-m+fp/hard/crtbegin.o
                [!provide]                        PROVIDE (__fini_array_end = .)
                0x0000000008007c68                . = ALIGN (0x4)
                0x0000000008007c68                _sidata = LOADADDR (.data)

.data           0x0000000020000000       0x7c load address 0x0000000008007c68
                0x0000000020000000                . = ALIGN (0x4)
                0x0000000020000000                _sdata = .
 *(.data)
 *(.data*)
 .data.SystemCoreClock
                0x0000000020000000        0x4 ./Core/Src/system_stm32f4xx.o
                0x0000000020000000                SystemCoreClock
 .data.uwTickPrio
                0x0000000020000004        0x4 ./Drivers/STM32F4xx_HAL_Driver/Src/stm32f4xx_hal.o
                0x0000000020000004                uwTickPrio
 .data.uwTickFreq
                0x0000000020000008        0x1 ./Drivers/STM32F4xx_HAL_Driver/Src/stm32f4xx_hal.o
                0x0000000020000008                uwTickFreq
 *fill*         0x0000000020000009        0x3 
 .data.CDC_Class
                0x000000002000000c       0x20 ./Middlewares/ST/STM32_USB_Host_Library/Class/CDC/Src/usbh_cdc.o
                0x000000002000000c                CDC_Class
 .data._impure_data
                0x000000002000002c       0x4c C:/ST/STM32CubeIDE_1.14.1/STM32CubeIDE/plugins/com.st.stm32cube.ide.mcu.externaltools.gnu-tools-for-stm32.11.3.rel1.win32_1.1.100.202309141235/tools/bin/../lib/gcc/arm-none-eabi/11.3.1/../../../../arm-none-eabi/lib/thumb/v7e-m+fp/hard\libc_nano.a(libc_a-impure.o)
                0x000000002000002c                _impure_data
 .data._impure_ptr
                0x0000000020000078        0x4 C:/ST/STM32CubeIDE_1.14.1/STM32CubeIDE/plugins/com.st.stm32cube.ide.mcu.externaltools.gnu-tools-for-stm32.11.3.rel1.win32_1.1.100.202309141235/tools/bin/../lib/gcc/arm-none-eabi/11.3.1/../../../../arm-none-eabi/lib/thumb/v7e-m+fp/hard\libc_nano.a(libc_a-impure.o)
                0x0000000020000078                _impure_ptr
 *(.RamFunc)
 *(.RamFunc*)
                0x000000002000007c                . = ALIGN (0x4)
                0x000000002000007c                _edata = .

.igot.plt       0x000000002000007c        0x0 load address 0x0000000008007ce4
 .igot.plt      0x000000002000007c        0x0 C:/ST/STM32CubeIDE_1.14.1/STM32CubeIDE/plugins/com.st.stm32cube.ide.mcu.externaltools.gnu-tools-for-stm32.11.3.rel1.win32_1.1.100.202309141235/tools/bin/../lib/gcc/arm-none-eabi/11.3.1/thumb/v7e-m+fp/hard/crtbegin.o
                0x000000002000007c                . = ALIGN (0x4)

.bss            0x000000002000007c      0xa1c load address 0x0000000008007ce4
                0x000000002000007c                _sbss = .
                0x000000002000007c                __bss_start__ = _sbss
 *(.bss)
 .bss           0x000000002000007c       0x1c C:/ST/STM32CubeIDE_1.14.1/STM32CubeIDE/plugins/com.st.stm32cube.ide.mcu.externaltools.gnu-tools-for-stm32.11.3.rel1.win32_1.1.100.202309141235/tools/bin/../lib/gcc/arm-none-eabi/11.3.1/thumb/v7e-m+fp/hard/crtbegin.o
 *(.bss*)
 .bss.hi2c1     0x0000000020000098       0x54 ./Core/Src/main.o
                0x0000000020000098                hi2c1
 .bss.hi2s2     0x00000000200000ec       0x48 ./Core/Src/main.o
                0x00000000200000ec                hi2s2
 .bss.hspi1     0x0000000020000134       0x58 ./Core/Src/main.o
                0x0000000020000134                hspi1
 .bss.__sbrk_heap_end
                0x000000002000018c        0x4 ./Core/Src/sysmem.o
 .bss.uwTick    0x0000000020000190        0x4 ./Drivers/STM32F4xx_HAL_Driver/Src/stm32f4xx_hal.o
                0x0000000020000190                uwTick
 .bss.hUsbHostFS
                0x0000000020000194      0x3d8 ./USB_HOST/App/usb_host.o
                0x0000000020000194                hUsbHostFS
 .bss.Appli_state
                0x000000002000056c        0x1 ./USB_HOST/App/usb_host.o
                0x000000002000056c                Appli_state
 *fill*         0x000000002000056d        0x3 
 .bss.hhcd_USB_OTG_FS
                0x0000000020000570      0x3e0 ./USB_HOST/Target/usbh_conf.o
                0x0000000020000570                hhcd_USB_OTG_FS
 .bss.__malloc_free_list
                0x0000000020000950        0x4 C:/ST/STM32CubeIDE_1.14.1/STM32CubeIDE/plugins/com.st.stm32cube.ide.mcu.externaltools.gnu-tools-for-stm32.11.3.rel1.win32_1.1.100.202309141235/tools/bin/../lib/gcc/arm-none-eabi/11.3.1/../../../../arm-none-eabi/lib/thumb/v7e-m+fp/hard\libc_nano.a(libc_a-mallocr.o)
                0x0000000020000950                __malloc_free_list
 .bss.__malloc_sbrk_start
                0x0000000020000954        0x4 C:/ST/STM32CubeIDE_1.14.1/STM32CubeIDE/plugins/com.st.stm32cube.ide.mcu.externaltools.gnu-tools-for-stm32.11.3.rel1.win32_1.1.100.202309141235/tools/bin/../lib/gcc/arm-none-eabi/11.3.1/../../../../arm-none-eabi/lib/thumb/v7e-m+fp/hard\libc_nano.a(libc_a-mallocr.o)
                0x0000000020000954                __malloc_sbrk_start
 .bss.__sf      0x0000000020000958      0x138 C:/ST/STM32CubeIDE_1.14.1/STM32CubeIDE/plugins/com.st.stm32cube.ide.mcu.externaltools.gnu-tools-for-stm32.11.3.rel1.win32_1.1.100.202309141235/tools/bin/../lib/gcc/arm-none-eabi/11.3.1/../../../../arm-none-eabi/lib/thumb/v7e-m+fp/hard\libc_nano.a(libc_a-findfp.o)
                0x0000000020000958                __sf
 .bss.errno     0x0000000020000a90        0x4 C:/ST/STM32CubeIDE_1.14.1/STM32CubeIDE/plugins/com.st.stm32cube.ide.mcu.externaltools.gnu-tools-for-stm32.11.3.rel1.win32_1.1.100.202309141235/tools/bin/../lib/gcc/arm-none-eabi/11.3.1/../../../../arm-none-eabi/lib/thumb/v7e-m+fp/hard\libc_nano.a(libc_a-reent.o)
                0x0000000020000a90                errno
 .bss.__lock___malloc_recursive_mutex
                0x0000000020000a94        0x1 C:/ST/STM32CubeIDE_1.14.1/STM32CubeIDE/plugins/com.st.stm32cube.ide.mcu.externaltools.gnu-tools-for-stm32.11.3.rel1.win32_1.1.100.202309141235/tools/bin/../lib/gcc/arm-none-eabi/11.3.1/../../../../arm-none-eabi/lib/thumb/v7e-m+fp/hard\libc_nano.a(libc_a-lock.o)
                0x0000000020000a94                __lock___malloc_recursive_mutex
 *(COMMON)
                0x0000000020000a98                . = ALIGN (0x4)
 *fill*         0x0000000020000a95        0x3 
                0x0000000020000a98                _ebss = .
                0x0000000020000a98                __bss_end__ = _ebss

._user_heap_stack
                0x0000000020000a98      0x600 load address 0x0000000008007ce4
                0x0000000020000a98                . = ALIGN (0x8)
                [!provide]                        PROVIDE (end = .)
                0x0000000020000a98                PROVIDE (_end = .)
                0x0000000020000c98                . = (. + _Min_Heap_Size)
 *fill*         0x0000000020000a98      0x200 
                0x0000000020001098                . = (. + _Min_Stack_Size)
 *fill*         0x0000000020000c98      0x400 
                0x0000000020001098                . = ALIGN (0x8)

/DISCARD/
 libc.a(*)
 libm.a(*)
 libgcc.a(*)

.ARM.attributes
                0x0000000000000000       0x30
 *(.ARM.attributes)
 .ARM.attributes
                0x0000000000000000       0x1e C:/ST/STM32CubeIDE_1.14.1/STM32CubeIDE/plugins/com.st.stm32cube.ide.mcu.externaltools.gnu-tools-for-stm32.11.3.rel1.win32_1.1.100.202309141235/tools/bin/../lib/gcc/arm-none-eabi/11.3.1/thumb/v7e-m+fp/hard/crti.o
 .ARM.attributes
                0x000000000000001e       0x34 C:/ST/STM32CubeIDE_1.14.1/STM32CubeIDE/plugins/com.st.stm32cube.ide.mcu.externaltools.gnu-tools-for-stm32.11.3.rel1.win32_1.1.100.202309141235/tools/bin/../lib/gcc/arm-none-eabi/11.3.1/thumb/v7e-m+fp/hard/crtbegin.o
 .ARM.attributes
                0x0000000000000052       0x34 ./Core/Src/main.o
 .ARM.attributes
                0x0000000000000086       0x34 ./Core/Src/stm32f4xx_hal_msp.o
 .ARM.attributes
                0x00000000000000ba       0x34 ./Core/Src/stm32f4xx_it.o
 .ARM.attributes
                0x00000000000000ee       0x34 ./Core/Src/sysmem.o
 .ARM.attributes
                0x0000000000000122       0x34 ./Core/Src/system_stm32f4xx.o
 .ARM.attributes
                0x0000000000000156       0x21 ./Core/Startup/startup_stm32f411vetx.o
 .ARM.attributes
                0x0000000000000177       0x34 ./Drivers/STM32F4xx_HAL_Driver/Src/stm32f4xx_hal.o
 .ARM.attributes
                0x00000000000001ab       0x34 ./Drivers/STM32F4xx_HAL_Driver/Src/stm32f4xx_hal_cortex.o
 .ARM.attributes
                0x00000000000001df       0x34 ./Drivers/STM32F4xx_HAL_Driver/Src/stm32f4xx_hal_gpio.o
 .ARM.attributes
                0x0000000000000213       0x34 ./Drivers/STM32F4xx_HAL_Driver/Src/stm32f4xx_hal_hcd.o
 .ARM.attributes
                0x0000000000000247       0x34 ./Drivers/STM32F4xx_HAL_Driver/Src/stm32f4xx_hal_i2c.o
 .ARM.attributes
                0x000000000000027b       0x34 ./Drivers/STM32F4xx_HAL_Driver/Src/stm32f4xx_hal_i2s.o
 .ARM.attributes
                0x00000000000002af       0x34 ./Drivers/STM32F4xx_HAL_Driver/Src/stm32f4xx_hal_i2s_ex.o
 .ARM.attributes
                0x00000000000002e3       0x34 ./Drivers/STM32F4xx_HAL_Driver/Src/stm32f4xx_hal_rcc.o
 .ARM.attributes
                0x0000000000000317       0x34 ./Drivers/STM32F4xx_HAL_Driver/Src/stm32f4xx_hal_rcc_ex.o
 .ARM.attributes
                0x000000000000034b       0x34 ./Drivers/STM32F4xx_HAL_Driver/Src/stm32f4xx_hal_spi.o
 .ARM.attributes
                0x000000000000037f       0x34 ./Drivers/STM32F4xx_HAL_Driver/Src/stm32f4xx_ll_usb.o
 .ARM.attributes
                0x00000000000003b3       0x34 ./Middlewares/ST/STM32_USB_Host_Library/Class/CDC/Src/usbh_cdc.o
 .ARM.attributes
                0x00000000000003e7       0x34 ./Middlewares/ST/STM32_USB_Host_Library/Core/Src/usbh_core.o
 .ARM.attributes
                0x000000000000041b       0x34 ./Middlewares/ST/STM32_USB_Host_Library/Core/Src/usbh_ctlreq.o
 .ARM.attributes
                0x000000000000044f       0x34 ./Middlewares/ST/STM32_USB_Host_Library/Core/Src/usbh_ioreq.o
 .ARM.attributes
                0x0000000000000483       0x34 ./Middlewares/ST/STM32_USB_Host_Library/Core/Src/usbh_pipes.o
 .ARM.attributes
                0x00000000000004b7       0x34 ./USB_HOST/App/usb_host.o
 .ARM.attributes
                0x00000000000004eb       0x34 ./USB_HOST/Target/usbh_conf.o
 .ARM.attributes
                0x000000000000051f       0x34 ./USB_HOST/Target/usbh_platform.o
 .ARM.attributes
                0x0000000000000553       0x34 C:/ST/STM32CubeIDE_1.14.1/STM32CubeIDE/plugins/com.st.stm32cube.ide.mcu.externaltools.gnu-tools-for-stm32.11.3.rel1.win32_1.1.100.202309141235/tools/bin/../lib/gcc/arm-none-eabi/11.3.1/../../../../arm-none-eabi/lib/thumb/v7e-m+fp/hard\libc_nano.a(libc_a-malloc.o)
 .ARM.attributes
                0x0000000000000587       0x34 C:/ST/STM32CubeIDE_1.14.1/STM32CubeIDE/plugins/com.st.stm32cube.ide.mcu.externaltools.gnu-tools-for-stm32.11.3.rel1.win32_1.1.100.202309141235/tools/bin/../lib/gcc/arm-none-eabi/11.3.1/../../../../arm-none-eabi/lib/thumb/v7e-m+fp/hard\libc_nano.a(libc_a-mallocr.o)
 .ARM.attributes
                0x00000000000005bb       0x34 C:/ST/STM32CubeIDE_1.14.1/STM32CubeIDE/plugins/com.st.stm32cube.ide.mcu.externaltools.gnu-tools-for-stm32.11.3.rel1.win32_1.1.100.202309141235/tools/bin/../lib/gcc/arm-none-eabi/11.3.1/../../../../arm-none-eabi/lib/thumb/v7e-m+fp/hard\libc_nano.a(libc_a-mlock.o)
 .ARM.attributes
                0x00000000000005ef       0x34 C:/ST/STM32CubeIDE_1.14.1/STM32CubeIDE/plugins/com.st.stm32cube.ide.mcu.externaltools.gnu-tools-for-stm32.11.3.rel1.win32_1.1.100.202309141235/tools/bin/../lib/gcc/arm-none-eabi/11.3.1/../../../../arm-none-eabi/lib/thumb/v7e-m+fp/hard\libc_nano.a(libc_a-findfp.o)
 .ARM.attributes
                0x0000000000000623       0x34 C:/ST/STM32CubeIDE_1.14.1/STM32CubeIDE/plugins/com.st.stm32cube.ide.mcu.externaltools.gnu-tools-for-stm32.11.3.rel1.win32_1.1.100.202309141235/tools/bin/../lib/gcc/arm-none-eabi/11.3.1/../../../../arm-none-eabi/lib/thumb/v7e-m+fp/hard\libc_nano.a(libc_a-memset.o)
 .ARM.attributes
                0x0000000000000657       0x34 C:/ST/STM32CubeIDE_1.14.1/STM32CubeIDE/plugins/com.st.stm32cube.ide.mcu.externaltools.gnu-tools-for-stm32.11.3.rel1.win32_1.1.100.202309141235/tools/bin/../lib/gcc/arm-none-eabi/11.3.1/../../../../arm-none-eabi/lib/thumb/v7e-m+fp/hard\libc_nano.a(libc_a-reent.o)
 .ARM.attributes
                0x000000000000068b       0x34 C:/ST/STM32CubeIDE_1.14.1/STM32CubeIDE/plugins/com.st.stm32cube.ide.mcu.externaltools.gnu-tools-for-stm32.11.3.rel1.win32_1.1.100.202309141235/tools/bin/../lib/gcc/arm-none-eabi/11.3.1/../../../../arm-none-eabi/lib/thumb/v7e-m+fp/hard\libc_nano.a(libc_a-impure.o)
 .ARM.attributes
                0x00000000000006bf       0x34 C:/ST/STM32CubeIDE_1.14.1/STM32CubeIDE/plugins/com.st.stm32cube.ide.mcu.externaltools.gnu-tools-for-stm32.11.3.rel1.win32_1.1.100.202309141235/tools/bin/../lib/gcc/arm-none-eabi/11.3.1/../../../../arm-none-eabi/lib/thumb/v7e-m+fp/hard\libc_nano.a(libc_a-sbrkr.o)
 .ARM.attributes
                0x00000000000006f3       0x34 C:/ST/STM32CubeIDE_1.14.1/STM32CubeIDE/plugins/com.st.stm32cube.ide.mcu.externaltools.gnu-tools-for-stm32.11.3.rel1.win32_1.1.100.202309141235/tools/bin/../lib/gcc/arm-none-eabi/11.3.1/../../../../arm-none-eabi/lib/thumb/v7e-m+fp/hard\libc_nano.a(libc_a-errno.o)
 .ARM.attributes
                0x0000000000000727       0x34 C:/ST/STM32CubeIDE_1.14.1/STM32CubeIDE/plugins/com.st.stm32cube.ide.mcu.externaltools.gnu-tools-for-stm32.11.3.rel1.win32_1.1.100.202309141235/tools/bin/../lib/gcc/arm-none-eabi/11.3.1/../../../../arm-none-eabi/lib/thumb/v7e-m+fp/hard\libc_nano.a(libc_a-init.o)
 .ARM.attributes
                0x000000000000075b       0x34 C:/ST/STM32CubeIDE_1.14.1/STM32CubeIDE/plugins/com.st.stm32cube.ide.mcu.externaltools.gnu-tools-for-stm32.11.3.rel1.win32_1.1.100.202309141235/tools/bin/../lib/gcc/arm-none-eabi/11.3.1/../../../../arm-none-eabi/lib/thumb/v7e-m+fp/hard\libc_nano.a(libc_a-lock.o)
 .ARM.attributes
                0x000000000000078f       0x34 C:/ST/STM32CubeIDE_1.14.1/STM32CubeIDE/plugins/com.st.stm32cube.ide.mcu.externaltools.gnu-tools-for-stm32.11.3.rel1.win32_1.1.100.202309141235/tools/bin/../lib/gcc/arm-none-eabi/11.3.1/../../../../arm-none-eabi/lib/thumb/v7e-m+fp/hard\libc_nano.a(libc_a-freer.o)
 .ARM.attributes
                0x00000000000007c3       0x1e C:/ST/STM32CubeIDE_1.14.1/STM32CubeIDE/plugins/com.st.stm32cube.ide.mcu.externaltools.gnu-tools-for-stm32.11.3.rel1.win32_1.1.100.202309141235/tools/bin/../lib/gcc/arm-none-eabi/11.3.1/thumb/v7e-m+fp/hard\libgcc.a(_aeabi_uldivmod.o)
 .ARM.attributes
                0x00000000000007e1       0x34 C:/ST/STM32CubeIDE_1.14.1/STM32CubeIDE/plugins/com.st.stm32cube.ide.mcu.externaltools.gnu-tools-for-stm32.11.3.rel1.win32_1.1.100.202309141235/tools/bin/../lib/gcc/arm-none-eabi/11.3.1/thumb/v7e-m+fp/hard\libgcc.a(_udivmoddi4.o)
 .ARM.attributes
                0x0000000000000815       0x1e C:/ST/STM32CubeIDE_1.14.1/STM32CubeIDE/plugins/com.st.stm32cube.ide.mcu.externaltools.gnu-tools-for-stm32.11.3.rel1.win32_1.1.100.202309141235/tools/bin/../lib/gcc/arm-none-eabi/11.3.1/thumb/v7e-m+fp/hard\libgcc.a(_dvmd_tls.o)
 .ARM.attributes
                0x0000000000000833       0x1e C:/ST/STM32CubeIDE_1.14.1/STM32CubeIDE/plugins/com.st.stm32cube.ide.mcu.externaltools.gnu-tools-for-stm32.11.3.rel1.win32_1.1.100.202309141235/tools/bin/../lib/gcc/arm-none-eabi/11.3.1/thumb/v7e-m+fp/hard/crtn.o
OUTPUT(test_spi_arduino.elf elf32-littlearm)
LOAD linker stubs
LOAD C:/ST/STM32CubeIDE_1.14.1/STM32CubeIDE/plugins/com.st.stm32cube.ide.mcu.externaltools.gnu-tools-for-stm32.11.3.rel1.win32_1.1.100.202309141235/tools/bin/../lib/gcc/arm-none-eabi/11.3.1/../../../../arm-none-eabi/lib/thumb/v7e-m+fp/hard\libc.a
LOAD C:/ST/STM32CubeIDE_1.14.1/STM32CubeIDE/plugins/com.st.stm32cube.ide.mcu.externaltools.gnu-tools-for-stm32.11.3.rel1.win32_1.1.100.202309141235/tools/bin/../lib/gcc/arm-none-eabi/11.3.1/../../../../arm-none-eabi/lib/thumb/v7e-m+fp/hard\libm.a
LOAD C:/ST/STM32CubeIDE_1.14.1/STM32CubeIDE/plugins/com.st.stm32cube.ide.mcu.externaltools.gnu-tools-for-stm32.11.3.rel1.win32_1.1.100.202309141235/tools/bin/../lib/gcc/arm-none-eabi/11.3.1/thumb/v7e-m+fp/hard\libgcc.a

.comment        0x0000000000000000       0x43
 .comment       0x0000000000000000       0x43 C:/ST/STM32CubeIDE_1.14.1/STM32CubeIDE/plugins/com.st.stm32cube.ide.mcu.externaltools.gnu-tools-for-stm32.11.3.rel1.win32_1.1.100.202309141235/tools/bin/../lib/gcc/arm-none-eabi/11.3.1/thumb/v7e-m+fp/hard/crtbegin.o
                                         0x44 (size before relaxing)
 .comment       0x0000000000000043       0x44 ./Core/Src/main.o
 .comment       0x0000000000000043       0x44 ./Core/Src/stm32f4xx_hal_msp.o
 .comment       0x0000000000000043       0x44 ./Core/Src/stm32f4xx_it.o
 .comment       0x0000000000000043       0x44 ./Core/Src/sysmem.o
 .comment       0x0000000000000043       0x44 ./Core/Src/system_stm32f4xx.o
 .comment       0x0000000000000043       0x44 ./Drivers/STM32F4xx_HAL_Driver/Src/stm32f4xx_hal.o
 .comment       0x0000000000000043       0x44 ./Drivers/STM32F4xx_HAL_Driver/Src/stm32f4xx_hal_cortex.o
 .comment       0x0000000000000043       0x44 ./Drivers/STM32F4xx_HAL_Driver/Src/stm32f4xx_hal_gpio.o
 .comment       0x0000000000000043       0x44 ./Drivers/STM32F4xx_HAL_Driver/Src/stm32f4xx_hal_hcd.o
 .comment       0x0000000000000043       0x44 ./Drivers/STM32F4xx_HAL_Driver/Src/stm32f4xx_hal_i2c.o
 .comment       0x0000000000000043       0x44 ./Drivers/STM32F4xx_HAL_Driver/Src/stm32f4xx_hal_i2s.o
 .comment       0x0000000000000043       0x44 ./Drivers/STM32F4xx_HAL_Driver/Src/stm32f4xx_hal_i2s_ex.o
 .comment       0x0000000000000043       0x44 ./Drivers/STM32F4xx_HAL_Driver/Src/stm32f4xx_hal_rcc.o
 .comment       0x0000000000000043       0x44 ./Drivers/STM32F4xx_HAL_Driver/Src/stm32f4xx_hal_rcc_ex.o
 .comment       0x0000000000000043       0x44 ./Drivers/STM32F4xx_HAL_Driver/Src/stm32f4xx_hal_spi.o
 .comment       0x0000000000000043       0x44 ./Drivers/STM32F4xx_HAL_Driver/Src/stm32f4xx_ll_usb.o
 .comment       0x0000000000000043       0x44 ./Middlewares/ST/STM32_USB_Host_Library/Class/CDC/Src/usbh_cdc.o
 .comment       0x0000000000000043       0x44 ./Middlewares/ST/STM32_USB_Host_Library/Core/Src/usbh_core.o
 .comment       0x0000000000000043       0x44 ./Middlewares/ST/STM32_USB_Host_Library/Core/Src/usbh_ctlreq.o
 .comment       0x0000000000000043       0x44 ./Middlewares/ST/STM32_USB_Host_Library/Core/Src/usbh_ioreq.o
 .comment       0x0000000000000043       0x44 ./Middlewares/ST/STM32_USB_Host_Library/Core/Src/usbh_pipes.o
 .comment       0x0000000000000043       0x44 ./USB_HOST/App/usb_host.o
 .comment       0x0000000000000043       0x44 ./USB_HOST/Target/usbh_conf.o
 .comment       0x0000000000000043       0x44 ./USB_HOST/Target/usbh_platform.o

.debug_info     0x0000000000000000    0x14ae3
 .debug_info    0x0000000000000000     0x1142 ./Core/Src/main.o
 .debug_info    0x0000000000001142     0x1035 ./Core/Src/stm32f4xx_hal_msp.o
 .debug_info    0x0000000000002177      0x6a5 ./Core/Src/stm32f4xx_it.o
 .debug_info    0x000000000000281c      0x168 ./Core/Src/sysmem.o
 .debug_info    0x0000000000002984      0x53e ./Core/Src/system_stm32f4xx.o
 .debug_info    0x0000000000002ec2       0x23 ./Core/Startup/startup_stm32f411vetx.o
 .debug_info    0x0000000000002ee5      0x8c4 ./Drivers/STM32F4xx_HAL_Driver/Src/stm32f4xx_hal.o
 .debug_info    0x00000000000037a9      0xcc7 ./Drivers/STM32F4xx_HAL_Driver/Src/stm32f4xx_hal_cortex.o
 .debug_info    0x0000000000004470      0x6f9 ./Drivers/STM32F4xx_HAL_Driver/Src/stm32f4xx_hal_gpio.o
 .debug_info    0x0000000000004b69     0x114c ./Drivers/STM32F4xx_HAL_Driver/Src/stm32f4xx_hal_hcd.o
 .debug_info    0x0000000000005cb5     0x2426 ./Drivers/STM32F4xx_HAL_Driver/Src/stm32f4xx_hal_i2c.o
 .debug_info    0x00000000000080db      0xdfd ./Drivers/STM32F4xx_HAL_Driver/Src/stm32f4xx_hal_i2s.o
 .debug_info    0x0000000000008ed8      0xaf0 ./Drivers/STM32F4xx_HAL_Driver/Src/stm32f4xx_hal_i2s_ex.o
 .debug_info    0x00000000000099c8      0x8f2 ./Drivers/STM32F4xx_HAL_Driver/Src/stm32f4xx_hal_rcc.o
 .debug_info    0x000000000000a2ba      0x5a5 ./Drivers/STM32F4xx_HAL_Driver/Src/stm32f4xx_hal_rcc_ex.o
 .debug_info    0x000000000000a85f     0x1606 ./Drivers/STM32F4xx_HAL_Driver/Src/stm32f4xx_hal_spi.o
 .debug_info    0x000000000000be65     0x1993 ./Drivers/STM32F4xx_HAL_Driver/Src/stm32f4xx_ll_usb.o
 .debug_info    0x000000000000d7f8     0x1470 ./Middlewares/ST/STM32_USB_Host_Library/Class/CDC/Src/usbh_cdc.o
 .debug_info    0x000000000000ec68      0xfb2 ./Middlewares/ST/STM32_USB_Host_Library/Core/Src/usbh_core.o
 .debug_info    0x000000000000fc1a      0xfa6 ./Middlewares/ST/STM32_USB_Host_Library/Core/Src/usbh_ctlreq.o
 .debug_info    0x0000000000010bc0      0xc2b ./Middlewares/ST/STM32_USB_Host_Library/Core/Src/usbh_ioreq.o
 .debug_info    0x00000000000117eb      0xa8e ./Middlewares/ST/STM32_USB_Host_Library/Core/Src/usbh_pipes.o
 .debug_info    0x0000000000012279      0xa10 ./USB_HOST/App/usb_host.o
 .debug_info    0x0000000000012c89     0x1c82 ./USB_HOST/Target/usbh_conf.o
 .debug_info    0x000000000001490b      0x1d8 ./USB_HOST/Target/usbh_platform.o

.debug_abbrev   0x0000000000000000     0x38ae
 .debug_abbrev  0x0000000000000000      0x269 ./Core/Src/main.o
 .debug_abbrev  0x0000000000000269      0x21d ./Core/Src/stm32f4xx_hal_msp.o
 .debug_abbrev  0x0000000000000486      0x1a4 ./Core/Src/stm32f4xx_it.o
 .debug_abbrev  0x000000000000062a       0xbc ./Core/Src/sysmem.o
 .debug_abbrev  0x00000000000006e6      0x11a ./Core/Src/system_stm32f4xx.o
 .debug_abbrev  0x0000000000000800       0x12 ./Core/Startup/startup_stm32f411vetx.o
 .debug_abbrev  0x0000000000000812      0x24b ./Drivers/STM32F4xx_HAL_Driver/Src/stm32f4xx_hal.o
 .debug_abbrev  0x0000000000000a5d      0x328 ./Drivers/STM32F4xx_HAL_Driver/Src/stm32f4xx_hal_cortex.o
 .debug_abbrev  0x0000000000000d85      0x1d3 ./Drivers/STM32F4xx_HAL_Driver/Src/stm32f4xx_hal_gpio.o
 .debug_abbrev  0x0000000000000f58      0x296 ./Drivers/STM32F4xx_HAL_Driver/Src/stm32f4xx_hal_hcd.o
 .debug_abbrev  0x00000000000011ee      0x2bc ./Drivers/STM32F4xx_HAL_Driver/Src/stm32f4xx_hal_i2c.o
 .debug_abbrev  0x00000000000014aa      0x265 ./Drivers/STM32F4xx_HAL_Driver/Src/stm32f4xx_hal_i2s.o
 .debug_abbrev  0x000000000000170f      0x297 ./Drivers/STM32F4xx_HAL_Driver/Src/stm32f4xx_hal_i2s_ex.o
 .debug_abbrev  0x00000000000019a6      0x2b5 ./Drivers/STM32F4xx_HAL_Driver/Src/stm32f4xx_hal_rcc.o
 .debug_abbrev  0x0000000000001c5b      0x1b1 ./Drivers/STM32F4xx_HAL_Driver/Src/stm32f4xx_hal_rcc_ex.o
 .debug_abbrev  0x0000000000001e0c      0x280 ./Drivers/STM32F4xx_HAL_Driver/Src/stm32f4xx_hal_spi.o
 .debug_abbrev  0x000000000000208c      0x2b3 ./Drivers/STM32F4xx_HAL_Driver/Src/stm32f4xx_ll_usb.o
 .debug_abbrev  0x000000000000233f      0x33c ./Middlewares/ST/STM32_USB_Host_Library/Class/CDC/Src/usbh_cdc.o
 .debug_abbrev  0x000000000000267b      0x32a ./Middlewares/ST/STM32_USB_Host_Library/Core/Src/usbh_core.o
 .debug_abbrev  0x00000000000029a5      0x2ff ./Middlewares/ST/STM32_USB_Host_Library/Core/Src/usbh_ctlreq.o
 .debug_abbrev  0x0000000000002ca4      0x245 ./Middlewares/ST/STM32_USB_Host_Library/Core/Src/usbh_ioreq.o
 .debug_abbrev  0x0000000000002ee9      0x281 ./Middlewares/ST/STM32_USB_Host_Library/Core/Src/usbh_pipes.o
 .debug_abbrev  0x000000000000316a      0x26e ./USB_HOST/App/usb_host.o
 .debug_abbrev  0x00000000000033d8      0x3c2 ./USB_HOST/Target/usbh_conf.o
 .debug_abbrev  0x000000000000379a      0x114 ./USB_HOST/Target/usbh_platform.o

.debug_aranges  0x0000000000000000     0x1138
 .debug_aranges
                0x0000000000000000       0x50 ./Core/Src/main.o
 .debug_aranges
                0x0000000000000050       0x50 ./Core/Src/stm32f4xx_hal_msp.o
 .debug_aranges
                0x00000000000000a0       0x68 ./Core/Src/stm32f4xx_it.o
 .debug_aranges
                0x0000000000000108       0x20 ./Core/Src/sysmem.o
 .debug_aranges
                0x0000000000000128       0x28 ./Core/Src/system_stm32f4xx.o
 .debug_aranges
                0x0000000000000150       0x28 ./Core/Startup/startup_stm32f411vetx.o
 .debug_aranges
                0x0000000000000178       0xf0 ./Drivers/STM32F4xx_HAL_Driver/Src/stm32f4xx_hal.o
 .debug_aranges
                0x0000000000000268      0x120 ./Drivers/STM32F4xx_HAL_Driver/Src/stm32f4xx_hal_cortex.o
 .debug_aranges
                0x0000000000000388       0x58 ./Drivers/STM32F4xx_HAL_Driver/Src/stm32f4xx_hal_gpio.o
 .debug_aranges
                0x00000000000003e0      0x108 ./Drivers/STM32F4xx_HAL_Driver/Src/stm32f4xx_hal_hcd.o
 .debug_aranges
                0x00000000000004e8      0x2a8 ./Drivers/STM32F4xx_HAL_Driver/Src/stm32f4xx_hal_i2c.o
 .debug_aranges
                0x0000000000000790      0x108 ./Drivers/STM32F4xx_HAL_Driver/Src/stm32f4xx_hal_i2s.o
 .debug_aranges
                0x0000000000000898       0x88 ./Drivers/STM32F4xx_HAL_Driver/Src/stm32f4xx_hal_i2s_ex.o
 .debug_aranges
                0x0000000000000920       0x88 ./Drivers/STM32F4xx_HAL_Driver/Src/stm32f4xx_hal_rcc.o
 .debug_aranges
                0x00000000000009a8       0x50 ./Drivers/STM32F4xx_HAL_Driver/Src/stm32f4xx_hal_rcc_ex.o
 .debug_aranges
                0x00000000000009f8      0x1d0 ./Drivers/STM32F4xx_HAL_Driver/Src/stm32f4xx_hal_spi.o
 .debug_aranges
                0x0000000000000bc8      0x1a0 ./Drivers/STM32F4xx_HAL_Driver/Src/stm32f4xx_ll_usb.o
 .debug_aranges
                0x0000000000000d68       0xa8 ./Middlewares/ST/STM32_USB_Host_Library/Class/CDC/Src/usbh_cdc.o
 .debug_aranges
                0x0000000000000e10       0xc0 ./Middlewares/ST/STM32_USB_Host_Library/Core/Src/usbh_core.o
 .debug_aranges
                0x0000000000000ed0       0xa0 ./Middlewares/ST/STM32_USB_Host_Library/Core/Src/usbh_ctlreq.o
 .debug_aranges
                0x0000000000000f70       0x60 ./Middlewares/ST/STM32_USB_Host_Library/Core/Src/usbh_ioreq.o
 .debug_aranges
                0x0000000000000fd0       0x40 ./Middlewares/ST/STM32_USB_Host_Library/Core/Src/usbh_pipes.o
 .debug_aranges
                0x0000000000001010       0x30 ./USB_HOST/App/usb_host.o
 .debug_aranges
                0x0000000000001040       0xd8 ./USB_HOST/Target/usbh_conf.o
 .debug_aranges
                0x0000000000001118       0x20 ./USB_HOST/Target/usbh_platform.o

.debug_rnglists
                0x0000000000000000      0xd1a
 .debug_rnglists
                0x0000000000000000       0x39 ./Core/Src/main.o
 .debug_rnglists
                0x0000000000000039       0x3a ./Core/Src/stm32f4xx_hal_msp.o
 .debug_rnglists
                0x0000000000000073       0x49 ./Core/Src/stm32f4xx_it.o
 .debug_rnglists
                0x00000000000000bc       0x13 ./Core/Src/sysmem.o
 .debug_rnglists
                0x00000000000000cf       0x1a ./Core/Src/system_stm32f4xx.o
 .debug_rnglists
                0x00000000000000e9       0x19 ./Core/Startup/startup_stm32f411vetx.o
 .debug_rnglists
                0x0000000000000102       0xaf ./Drivers/STM32F4xx_HAL_Driver/Src/stm32f4xx_hal.o
 .debug_rnglists
                0x00000000000001b1       0xd4 ./Drivers/STM32F4xx_HAL_Driver/Src/stm32f4xx_hal_cortex.o
 .debug_rnglists
                0x0000000000000285       0x3f ./Drivers/STM32F4xx_HAL_Driver/Src/stm32f4xx_hal_gpio.o
 .debug_rnglists
                0x00000000000002c4       0xca ./Drivers/STM32F4xx_HAL_Driver/Src/stm32f4xx_hal_hcd.o
 .debug_rnglists
                0x000000000000038e      0x23c ./Drivers/STM32F4xx_HAL_Driver/Src/stm32f4xx_hal_i2c.o
 .debug_rnglists
                0x00000000000005ca       0xcc ./Drivers/STM32F4xx_HAL_Driver/Src/stm32f4xx_hal_i2s.o
 .debug_rnglists
                0x0000000000000696       0x6a ./Drivers/STM32F4xx_HAL_Driver/Src/stm32f4xx_hal_i2s_ex.o
 .debug_rnglists
                0x0000000000000700       0x66 ./Drivers/STM32F4xx_HAL_Driver/Src/stm32f4xx_hal_rcc.o
 .debug_rnglists
                0x0000000000000766       0x3c ./Drivers/STM32F4xx_HAL_Driver/Src/stm32f4xx_hal_rcc_ex.o
 .debug_rnglists
                0x00000000000007a2      0x16f ./Drivers/STM32F4xx_HAL_Driver/Src/stm32f4xx_hal_spi.o
 .debug_rnglists
                0x0000000000000911      0x147 ./Drivers/STM32F4xx_HAL_Driver/Src/stm32f4xx_ll_usb.o
 .debug_rnglists
                0x0000000000000a58       0x7e ./Middlewares/ST/STM32_USB_Host_Library/Class/CDC/Src/usbh_cdc.o
 .debug_rnglists
                0x0000000000000ad6       0x8f ./Middlewares/ST/STM32_USB_Host_Library/Core/Src/usbh_core.o
 .debug_rnglists
                0x0000000000000b65       0x77 ./Middlewares/ST/STM32_USB_Host_Library/Core/Src/usbh_ctlreq.o
 .debug_rnglists
                0x0000000000000bdc       0x43 ./Middlewares/ST/STM32_USB_Host_Library/Core/Src/usbh_ioreq.o
 .debug_rnglists
                0x0000000000000c1f       0x2b ./Middlewares/ST/STM32_USB_Host_Library/Core/Src/usbh_pipes.o
 .debug_rnglists
                0x0000000000000c4a       0x1f ./USB_HOST/App/usb_host.o
 .debug_rnglists
                0x0000000000000c69       0x9e ./USB_HOST/Target/usbh_conf.o
 .debug_rnglists
                0x0000000000000d07       0x13 ./USB_HOST/Target/usbh_platform.o

.debug_macro    0x0000000000000000    0x189a8
 .debug_macro   0x0000000000000000      0x21e ./Core/Src/main.o
 .debug_macro   0x000000000000021e      0xaa8 ./Core/Src/main.o
 .debug_macro   0x0000000000000cc6      0x2a7 ./Core/Src/main.o
 .debug_macro   0x0000000000000f6d       0x2e ./Core/Src/main.o
 .debug_macro   0x0000000000000f9b       0x28 ./Core/Src/main.o
 .debug_macro   0x0000000000000fc3       0x22 ./Core/Src/main.o
 .debug_macro   0x0000000000000fe5       0x8e ./Core/Src/main.o
 .debug_macro   0x0000000000001073       0x51 ./Core/Src/main.o
 .debug_macro   0x00000000000010c4      0x103 ./Core/Src/main.o
 .debug_macro   0x00000000000011c7       0x6a ./Core/Src/main.o
 .debug_macro   0x0000000000001231      0x1df ./Core/Src/main.o
 .debug_macro   0x0000000000001410       0x1c ./Core/Src/main.o
 .debug_macro   0x000000000000142c       0x22 ./Core/Src/main.o
 .debug_macro   0x000000000000144e       0xfb ./Core/Src/main.o
 .debug_macro   0x0000000000001549     0x1011 ./Core/Src/main.o
 .debug_macro   0x000000000000255a      0x11f ./Core/Src/main.o
 .debug_macro   0x0000000000002679     0xb953 ./Core/Src/main.o
 .debug_macro   0x000000000000dfcc       0x6d ./Core/Src/main.o
 .debug_macro   0x000000000000e039     0x368c ./Core/Src/main.o
 .debug_macro   0x00000000000116c5      0x174 ./Core/Src/main.o
 .debug_macro   0x0000000000011839       0x5c ./Core/Src/main.o
 .debug_macro   0x0000000000011895      0x45c ./Core/Src/main.o
 .debug_macro   0x0000000000011cf1      0x9e9 ./Core/Src/main.o
 .debug_macro   0x00000000000126da      0x115 ./Core/Src/main.o
 .debug_macro   0x00000000000127ef      0x11b ./Core/Src/main.o
 .debug_macro   0x000000000001290a       0xa5 ./Core/Src/main.o
 .debug_macro   0x00000000000129af      0x15f ./Core/Src/main.o
 .debug_macro   0x0000000000012b0e      0x287 ./Core/Src/main.o
 .debug_macro   0x0000000000012d95       0x5f ./Core/Src/main.o
 .debug_macro   0x0000000000012df4      0x236 ./Core/Src/main.o
 .debug_macro   0x000000000001302a      0x132 ./Core/Src/main.o
 .debug_macro   0x000000000001315c      0x264 ./Core/Src/main.o
 .debug_macro   0x00000000000133c0       0x2e ./Core/Src/main.o
 .debug_macro   0x00000000000133ee      0x1b5 ./Core/Src/main.o
 .debug_macro   0x00000000000135a3       0x22 ./Core/Src/main.o
 .debug_macro   0x00000000000135c5       0xd6 ./Core/Src/main.o
 .debug_macro   0x000000000001369b      0x1a7 ./Core/Src/main.o
 .debug_macro   0x0000000000013842       0x46 ./Core/Src/main.o
 .debug_macro   0x0000000000013888       0x4a ./Core/Src/main.o
 .debug_macro   0x00000000000138d2      0x127 ./Core/Src/main.o
 .debug_macro   0x00000000000139f9       0x85 ./Core/Src/main.o
 .debug_macro   0x0000000000013a7e       0x89 ./Core/Src/main.o
 .debug_macro   0x0000000000013b07      0x225 ./Core/Src/main.o
 .debug_macro   0x0000000000013d2c      0x293 ./Core/Src/main.o
 .debug_macro   0x0000000000013fbf       0x98 ./Core/Src/main.o
 .debug_macro   0x0000000000014057      0x126 ./Core/Src/main.o
 .debug_macro   0x000000000001417d      0x19c ./Core/Src/main.o
 .debug_macro   0x0000000000014319      0x214 ./Core/Src/stm32f4xx_hal_msp.o
 .debug_macro   0x000000000001452d      0x21e ./Core/Src/stm32f4xx_it.o
 .debug_macro   0x000000000001474b       0xff ./Core/Src/sysmem.o
 .debug_macro   0x000000000001484a      0x23c ./Core/Src/sysmem.o
 .debug_macro   0x0000000000014a86      0x205 ./Core/Src/system_stm32f4xx.o
 .debug_macro   0x0000000000014c8b      0x265 ./Drivers/STM32F4xx_HAL_Driver/Src/stm32f4xx_hal.o
 .debug_macro   0x0000000000014ef0      0x205 ./Drivers/STM32F4xx_HAL_Driver/Src/stm32f4xx_hal_cortex.o
 .debug_macro   0x00000000000150f5      0x20b ./Drivers/STM32F4xx_HAL_Driver/Src/stm32f4xx_hal_gpio.o
 .debug_macro   0x0000000000015300      0x205 ./Drivers/STM32F4xx_HAL_Driver/Src/stm32f4xx_hal_hcd.o
 .debug_macro   0x0000000000015505      0x253 ./Drivers/STM32F4xx_HAL_Driver/Src/stm32f4xx_hal_i2c.o
 .debug_macro   0x0000000000015758      0x20d ./Drivers/STM32F4xx_HAL_Driver/Src/stm32f4xx_hal_i2s.o
 .debug_macro   0x0000000000015965      0x205 ./Drivers/STM32F4xx_HAL_Driver/Src/stm32f4xx_hal_i2s_ex.o
 .debug_macro   0x0000000000015b6a      0x229 ./Drivers/STM32F4xx_HAL_Driver/Src/stm32f4xx_hal_rcc.o
 .debug_macro   0x0000000000015d93      0x205 ./Drivers/STM32F4xx_HAL_Driver/Src/stm32f4xx_hal_rcc_ex.o
 .debug_macro   0x0000000000015f98      0x214 ./Drivers/STM32F4xx_HAL_Driver/Src/stm32f4xx_hal_spi.o
 .debug_macro   0x00000000000161ac      0x205 ./Drivers/STM32F4xx_HAL_Driver/Src/stm32f4xx_ll_usb.o
 .debug_macro   0x00000000000163b1      0x3ac ./Middlewares/ST/STM32_USB_Host_Library/Class/CDC/Src/usbh_cdc.o
 .debug_macro   0x000000000001675d       0x16 ./Middlewares/ST/STM32_USB_Host_Library/Class/CDC/Src/usbh_cdc.o
 .debug_macro   0x0000000000016773       0x97 ./Middlewares/ST/STM32_USB_Host_Library/Class/CDC/Src/usbh_cdc.o
 .debug_macro   0x000000000001680a       0xfd ./Middlewares/ST/STM32_USB_Host_Library/Class/CDC/Src/usbh_cdc.o
 .debug_macro   0x0000000000016907       0x16 ./Middlewares/ST/STM32_USB_Host_Library/Class/CDC/Src/usbh_cdc.o
 .debug_macro   0x000000000001691d       0x16 ./Middlewares/ST/STM32_USB_Host_Library/Class/CDC/Src/usbh_cdc.o
 .debug_macro   0x0000000000016933       0x20 ./Middlewares/ST/STM32_USB_Host_Library/Class/CDC/Src/usbh_cdc.o
 .debug_macro   0x0000000000016953       0x56 ./Middlewares/ST/STM32_USB_Host_Library/Class/CDC/Src/usbh_cdc.o
 .debug_macro   0x00000000000169a9       0x73 ./Middlewares/ST/STM32_USB_Host_Library/Class/CDC/Src/usbh_cdc.o
 .debug_macro   0x0000000000016a1c      0x233 ./Middlewares/ST/STM32_USB_Host_Library/Class/CDC/Src/usbh_cdc.o
 .debug_macro   0x0000000000016c4f       0x2e ./Middlewares/ST/STM32_USB_Host_Library/Class/CDC/Src/usbh_cdc.o
 .debug_macro   0x0000000000016c7d       0x2e ./Middlewares/ST/STM32_USB_Host_Library/Class/CDC/Src/usbh_cdc.o
 .debug_macro   0x0000000000016cab       0x28 ./Middlewares/ST/STM32_USB_Host_Library/Class/CDC/Src/usbh_cdc.o
 .debug_macro   0x0000000000016cd3      0x15b ./Middlewares/ST/STM32_USB_Host_Library/Class/CDC/Src/usbh_cdc.o
 .debug_macro   0x0000000000016e2e      0x3a9 ./Middlewares/ST/STM32_USB_Host_Library/Core/Src/usbh_core.o
 .debug_macro   0x00000000000171d7      0x3a1 ./Middlewares/ST/STM32_USB_Host_Library/Core/Src/usbh_ctlreq.o
 .debug_macro   0x0000000000017578       0x28 ./Middlewares/ST/STM32_USB_Host_Library/Core/Src/usbh_ctlreq.o
 .debug_macro   0x00000000000175a0      0x39b ./Middlewares/ST/STM32_USB_Host_Library/Core/Src/usbh_ioreq.o
 .debug_macro   0x000000000001793b      0x39b ./Middlewares/ST/STM32_USB_Host_Library/Core/Src/usbh_pipes.o
 .debug_macro   0x0000000000017cd6      0x3aa ./USB_HOST/App/usb_host.o
 .debug_macro   0x0000000000018080       0x61 ./USB_HOST/App/usb_host.o
 .debug_macro   0x00000000000180e1      0x1a2 ./USB_HOST/App/usb_host.o
 .debug_macro   0x0000000000018283      0x161 ./USB_HOST/App/usb_host.o
 .debug_macro   0x00000000000183e4      0x3ab ./USB_HOST/Target/usbh_conf.o
 .debug_macro   0x000000000001878f      0x219 ./USB_HOST/Target/usbh_platform.o

.debug_line     0x0000000000000000    0x180e2
 .debug_line    0x0000000000000000      0x9ab ./Core/Src/main.o
 .debug_line    0x00000000000009ab      0x8cd ./Core/Src/stm32f4xx_hal_msp.o
 .debug_line    0x0000000000001278      0x886 ./Core/Src/stm32f4xx_it.o
 .debug_line    0x0000000000001afe      0x583 ./Core/Src/sysmem.o
 .debug_line    0x0000000000002081      0x82d ./Core/Src/system_stm32f4xx.o
 .debug_line    0x00000000000028ae       0x7a ./Core/Startup/startup_stm32f411vetx.o
 .debug_line    0x0000000000002928      0xa93 ./Drivers/STM32F4xx_HAL_Driver/Src/stm32f4xx_hal.o
 .debug_line    0x00000000000033bb      0xd5f ./Drivers/STM32F4xx_HAL_Driver/Src/stm32f4xx_hal_cortex.o
 .debug_line    0x000000000000411a      0xbcb ./Drivers/STM32F4xx_HAL_Driver/Src/stm32f4xx_hal_gpio.o
 .debug_line    0x0000000000004ce5     0x1530 ./Drivers/STM32F4xx_HAL_Driver/Src/stm32f4xx_hal_hcd.o
 .debug_line    0x0000000000006215     0x3af5 ./Drivers/STM32F4xx_HAL_Driver/Src/stm32f4xx_hal_i2c.o
 .debug_line    0x0000000000009d0a     0x142b ./Drivers/STM32F4xx_HAL_Driver/Src/stm32f4xx_hal_i2s.o
 .debug_line    0x000000000000b135     0x152b ./Drivers/STM32F4xx_HAL_Driver/Src/stm32f4xx_hal_i2s_ex.o
 .debug_line    0x000000000000c660      0xe0a ./Drivers/STM32F4xx_HAL_Driver/Src/stm32f4xx_hal_rcc.o
 .debug_line    0x000000000000d46a      0xaf0 ./Drivers/STM32F4xx_HAL_Driver/Src/stm32f4xx_hal_rcc_ex.o
 .debug_line    0x000000000000df5a     0x1d6a ./Drivers/STM32F4xx_HAL_Driver/Src/stm32f4xx_hal_spi.o
 .debug_line    0x000000000000fcc4     0x1c03 ./Drivers/STM32F4xx_HAL_Driver/Src/stm32f4xx_ll_usb.o
 .debug_line    0x00000000000118c7      0xf34 ./Middlewares/ST/STM32_USB_Host_Library/Class/CDC/Src/usbh_cdc.o
 .debug_line    0x00000000000127fb     0x11c8 ./Middlewares/ST/STM32_USB_Host_Library/Core/Src/usbh_core.o
 .debug_line    0x00000000000139c3     0x1167 ./Middlewares/ST/STM32_USB_Host_Library/Core/Src/usbh_ctlreq.o
 .debug_line    0x0000000000014b2a      0xb0c ./Middlewares/ST/STM32_USB_Host_Library/Core/Src/usbh_ioreq.o
 .debug_line    0x0000000000015636      0xab6 ./Middlewares/ST/STM32_USB_Host_Library/Core/Src/usbh_pipes.o
 .debug_line    0x00000000000160ec      0xaa0 ./USB_HOST/App/usb_host.o
 .debug_line    0x0000000000016b8c      0xd78 ./USB_HOST/Target/usbh_conf.o
 .debug_line    0x0000000000017904      0x7de ./USB_HOST/Target/usbh_platform.o

.debug_str      0x0000000000000000    0x8e983
 .debug_str     0x0000000000000000    0x845d1 ./Core/Src/main.o
                                      0x84917 (size before relaxing)
 .debug_str     0x00000000000845d1      0x17b ./Core/Src/stm32f4xx_hal_msp.o
                                      0x84829 (size before relaxing)
 .debug_str     0x000000000008474c      0x4b9 ./Core/Src/stm32f4xx_it.o
                                      0x84249 (size before relaxing)
 .debug_str     0x0000000000084c05     0x2039 ./Core/Src/sysmem.o
                                       0x606d (size before relaxing)
 .debug_str     0x0000000000086c3e       0xdb ./Core/Src/system_stm32f4xx.o
                                      0x8381b (size before relaxing)
 .debug_str     0x0000000000086d19       0x34 ./Core/Startup/startup_stm32f411vetx.o
                                         0x7f (size before relaxing)
 .debug_str     0x0000000000086d4d      0x991 ./Drivers/STM32F4xx_HAL_Driver/Src/stm32f4xx_hal.o
                                      0x84247 (size before relaxing)
 .debug_str     0x00000000000876de      0x35a ./Drivers/STM32F4xx_HAL_Driver/Src/stm32f4xx_hal_cortex.o
                                      0x83f7f (size before relaxing)
 .debug_str     0x0000000000087a38      0x121 ./Drivers/STM32F4xx_HAL_Driver/Src/stm32f4xx_hal_gpio.o
                                      0x83996 (size before relaxing)
 .debug_str     0x0000000000087b59      0x5e7 ./Drivers/STM32F4xx_HAL_Driver/Src/stm32f4xx_hal_hcd.o
                                      0x840f1 (size before relaxing)
 .debug_str     0x0000000000088140      0xb45 ./Drivers/STM32F4xx_HAL_Driver/Src/stm32f4xx_hal_i2c.o
                                      0x8482c (size before relaxing)
 .debug_str     0x0000000000088c85      0x2b8 ./Drivers/STM32F4xx_HAL_Driver/Src/stm32f4xx_hal_i2s.o
                                      0x83dfa (size before relaxing)
 .debug_str     0x0000000000088f3d      0x1d1 ./Drivers/STM32F4xx_HAL_Driver/Src/stm32f4xx_hal_i2s_ex.o
                                      0x83d05 (size before relaxing)
 .debug_str     0x000000000008910e      0x213 ./Drivers/STM32F4xx_HAL_Driver/Src/stm32f4xx_hal_rcc.o
                                      0x83c4f (size before relaxing)
 .debug_str     0x0000000000089321       0xf6 ./Drivers/STM32F4xx_HAL_Driver/Src/stm32f4xx_hal_rcc_ex.o
                                      0x839a3 (size before relaxing)
 .debug_str     0x0000000000089417      0x51c ./Drivers/STM32F4xx_HAL_Driver/Src/stm32f4xx_hal_spi.o
                                      0x840cd (size before relaxing)
 .debug_str     0x0000000000089933      0x50e ./Drivers/STM32F4xx_HAL_Driver/Src/stm32f4xx_ll_usb.o
                                      0x841c2 (size before relaxing)
 .debug_str     0x0000000000089e41     0x4399 ./Middlewares/ST/STM32_USB_Host_Library/Class/CDC/Src/usbh_cdc.o
                                      0x89d21 (size before relaxing)
 .debug_str     0x000000000008e1da      0x31b ./Middlewares/ST/STM32_USB_Host_Library/Core/Src/usbh_core.o
                                      0x89240 (size before relaxing)
 .debug_str     0x000000000008e4f5      0x1db ./Middlewares/ST/STM32_USB_Host_Library/Core/Src/usbh_ctlreq.o
                                      0x891d6 (size before relaxing)
 .debug_str     0x000000000008e6d0       0xb2 ./Middlewares/ST/STM32_USB_Host_Library/Core/Src/usbh_ioreq.o
                                      0x88fdb (size before relaxing)
 .debug_str     0x000000000008e782       0x80 ./Middlewares/ST/STM32_USB_Host_Library/Core/Src/usbh_pipes.o
                                      0x88f71 (size before relaxing)
 .debug_str     0x000000000008e802       0xb6 ./USB_HOST/App/usb_host.o
                                      0x8967c (size before relaxing)
 .debug_str     0x000000000008e8b8       0xa8 ./USB_HOST/Target/usbh_conf.o
                                      0x89d99 (size before relaxing)
 .debug_str     0x000000000008e960       0x23 ./USB_HOST/Target/usbh_platform.o
                                      0x83718 (size before relaxing)

.debug_frame    0x0000000000000000     0x4aa0
 .debug_frame   0x0000000000000000       0xe4 ./Core/Src/main.o
 .debug_frame   0x00000000000000e4      0x10c ./Core/Src/stm32f4xx_hal_msp.o
 .debug_frame   0x00000000000001f0      0x120 ./Core/Src/stm32f4xx_it.o
 .debug_frame   0x0000000000000310       0x34 ./Core/Src/sysmem.o
 .debug_frame   0x0000000000000344       0x58 ./Core/Src/system_stm32f4xx.o
 .debug_frame   0x000000000000039c      0x374 ./Drivers/STM32F4xx_HAL_Driver/Src/stm32f4xx_hal.o
 .debug_frame   0x0000000000000710      0x4b8 ./Drivers/STM32F4xx_HAL_Driver/Src/stm32f4xx_hal_cortex.o
 .debug_frame   0x0000000000000bc8      0x14c ./Drivers/STM32F4xx_HAL_Driver/Src/stm32f4xx_hal_gpio.o
 .debug_frame   0x0000000000000d14      0x498 ./Drivers/STM32F4xx_HAL_Driver/Src/stm32f4xx_hal_hcd.o
 .debug_frame   0x00000000000011ac      0xc84 ./Drivers/STM32F4xx_HAL_Driver/Src/stm32f4xx_hal_i2c.o
 .debug_frame   0x0000000000001e30      0x484 ./Drivers/STM32F4xx_HAL_Driver/Src/stm32f4xx_hal_i2s.o
 .debug_frame   0x00000000000022b4      0x220 ./Drivers/STM32F4xx_HAL_Driver/Src/stm32f4xx_hal_i2s_ex.o
 .debug_frame   0x00000000000024d4      0x1f4 ./Drivers/STM32F4xx_HAL_Driver/Src/stm32f4xx_hal_rcc.o